Component: ARM Compiler 5.06 update 5 (build 528) Tool: armlink [4d35e2]

==============================================================================

Section Cross References

    system_stm32f10x.o(i.SetSysClock) refers to system_stm32f10x.o(i.SetSysClockTo72) for SetSysClockTo72
    system_stm32f10x.o(i.SystemCoreClockUpdate) refers to system_stm32f10x.o(.data) for SystemCoreClock
    system_stm32f10x.o(i.SystemInit) refers to system_stm32f10x.o(i.SetSysClock) for SetSysClock
    startup_stm32f10x_md.o(RESET) refers to startup_stm32f10x_md.o(STACK) for __initial_sp
    startup_stm32f10x_md.o(RESET) refers to startup_stm32f10x_md.o(.text) for Reset_Handler
    startup_stm32f10x_md.o(RESET) refers to stm32f10x_it.o(i.NMI_Handler) for NMI_Handler
    startup_stm32f10x_md.o(RESET) refers to stm32f10x_it.o(i.HardFault_Handler) for HardFault_Handler
    startup_stm32f10x_md.o(RESET) refers to stm32f10x_it.o(i.MemManage_Handler) for MemManage_Handler
    startup_stm32f10x_md.o(RESET) refers to stm32f10x_it.o(i.BusFault_Handler) for BusFault_Handler
    startup_stm32f10x_md.o(RESET) refers to stm32f10x_it.o(i.UsageFault_Handler) for UsageFault_Handler
    startup_stm32f10x_md.o(RESET) refers to stm32f10x_it.o(i.SVC_Handler) for SVC_Handler
    startup_stm32f10x_md.o(RESET) refers to stm32f10x_it.o(i.DebugMon_Handler) for DebugMon_Handler
    startup_stm32f10x_md.o(RESET) refers to stm32f10x_it.o(i.PendSV_Handler) for PendSV_Handler
    startup_stm32f10x_md.o(RESET) refers to stm32f10x_it.o(i.SysTick_Handler) for SysTick_Handler
    startup_stm32f10x_md.o(RESET) refers to main.o(i.TIM1_UP_IRQHandler) for TIM1_UP_IRQHandler
    startup_stm32f10x_md.o(RESET) refers to serial.o(i.USART1_IRQHandler) for USART1_IRQHandler
    startup_stm32f10x_md.o(.text) refers to system_stm32f10x.o(i.SystemInit) for SystemInit
    startup_stm32f10x_md.o(.text) refers to entry.o(.ARM.Collect$$$$00000000) for __main
    stm32f10x_adc.o(i.ADC_DeInit) refers to stm32f10x_rcc.o(i.RCC_APB2PeriphResetCmd) for RCC_APB2PeriphResetCmd
    stm32f10x_bkp.o(i.BKP_DeInit) refers to stm32f10x_rcc.o(i.RCC_BackupResetCmd) for RCC_BackupResetCmd
    stm32f10x_can.o(i.CAN_DeInit) refers to stm32f10x_rcc.o(i.RCC_APB1PeriphResetCmd) for RCC_APB1PeriphResetCmd
    stm32f10x_can.o(i.CAN_GetITStatus) refers to stm32f10x_can.o(i.CheckITStatus) for CheckITStatus
    stm32f10x_cec.o(i.CEC_DeInit) refers to stm32f10x_rcc.o(i.RCC_APB1PeriphResetCmd) for RCC_APB1PeriphResetCmd
    stm32f10x_dac.o(i.DAC_DeInit) refers to stm32f10x_rcc.o(i.RCC_APB1PeriphResetCmd) for RCC_APB1PeriphResetCmd
    stm32f10x_flash.o(i.FLASH_EnableWriteProtection) refers to stm32f10x_flash.o(i.FLASH_WaitForLastOperation) for FLASH_WaitForLastOperation
    stm32f10x_flash.o(i.FLASH_EraseAllBank1Pages) refers to stm32f10x_flash.o(i.FLASH_WaitForLastBank1Operation) for FLASH_WaitForLastBank1Operation
    stm32f10x_flash.o(i.FLASH_EraseAllPages) refers to stm32f10x_flash.o(i.FLASH_WaitForLastOperation) for FLASH_WaitForLastOperation
    stm32f10x_flash.o(i.FLASH_EraseOptionBytes) refers to stm32f10x_flash.o(i.FLASH_GetReadOutProtectionStatus) for FLASH_GetReadOutProtectionStatus
    stm32f10x_flash.o(i.FLASH_EraseOptionBytes) refers to stm32f10x_flash.o(i.FLASH_WaitForLastOperation) for FLASH_WaitForLastOperation
    stm32f10x_flash.o(i.FLASH_ErasePage) refers to stm32f10x_flash.o(i.FLASH_WaitForLastOperation) for FLASH_WaitForLastOperation
    stm32f10x_flash.o(i.FLASH_ProgramHalfWord) refers to stm32f10x_flash.o(i.FLASH_WaitForLastOperation) for FLASH_WaitForLastOperation
    stm32f10x_flash.o(i.FLASH_ProgramOptionByteData) refers to stm32f10x_flash.o(i.FLASH_WaitForLastOperation) for FLASH_WaitForLastOperation
    stm32f10x_flash.o(i.FLASH_ProgramWord) refers to stm32f10x_flash.o(i.FLASH_WaitForLastOperation) for FLASH_WaitForLastOperation
    stm32f10x_flash.o(i.FLASH_ReadOutProtection) refers to stm32f10x_flash.o(i.FLASH_WaitForLastOperation) for FLASH_WaitForLastOperation
    stm32f10x_flash.o(i.FLASH_UserOptionByteConfig) refers to stm32f10x_flash.o(i.FLASH_WaitForLastOperation) for FLASH_WaitForLastOperation
    stm32f10x_flash.o(i.FLASH_WaitForLastBank1Operation) refers to stm32f10x_flash.o(i.FLASH_GetBank1Status) for FLASH_GetBank1Status
    stm32f10x_flash.o(i.FLASH_WaitForLastOperation) refers to stm32f10x_flash.o(i.FLASH_GetBank1Status) for FLASH_GetBank1Status
    stm32f10x_gpio.o(i.GPIO_AFIODeInit) refers to stm32f10x_rcc.o(i.RCC_APB2PeriphResetCmd) for RCC_APB2PeriphResetCmd
    stm32f10x_gpio.o(i.GPIO_DeInit) refers to stm32f10x_rcc.o(i.RCC_APB2PeriphResetCmd) for RCC_APB2PeriphResetCmd
    stm32f10x_i2c.o(i.I2C_DeInit) refers to stm32f10x_rcc.o(i.RCC_APB1PeriphResetCmd) for RCC_APB1PeriphResetCmd
    stm32f10x_i2c.o(i.I2C_Init) refers to stm32f10x_rcc.o(i.RCC_GetClocksFreq) for RCC_GetClocksFreq
    stm32f10x_pwr.o(i.PWR_DeInit) refers to stm32f10x_rcc.o(i.RCC_APB1PeriphResetCmd) for RCC_APB1PeriphResetCmd
[...]
    Removing stm32f10x_sdio.o(i.SDIO_CEATAITCmd), (16 bytes).
    Removing stm32f10x_sdio.o(i.SDIO_ClearFlag), (12 bytes).
    Removing stm32f10x_sdio.o(i.SDIO_ClearITPendingBit), (12 bytes).
    Removing stm32f10x_sdio.o(i.SDIO_ClockCmd), (12 bytes).
    Removing stm32f10x_sdio.o(i.SDIO_CmdStructInit), (14 bytes).
    Removing stm32f10x_sdio.o(i.SDIO_CommandCompletionCmd), (12 bytes).
    Removing stm32f10x_sdio.o(i.SDIO_DMACmd), (12 bytes).
    Removing stm32f10x_sdio.o(i.SDIO_DataConfig), (48 bytes).
    Removing stm32f10x_sdio.o(i.SDIO_DataStructInit), (20 bytes).
    Removing stm32f10x_sdio.o(i.SDIO_DeInit), (36 bytes).
    Removing stm32f10x_sdio.o(i.SDIO_GetCommandResponse), (12 bytes).
    Removing stm32f10x_sdio.o(i.SDIO_GetDataCounter), (12 bytes).
    Removing stm32f10x_sdio.o(i.SDIO_GetFIFOCount), (12 bytes).
    Removing stm32f10x_sdio.o(i.SDIO_GetFlagStatus), (24 bytes).
    Removing stm32f10x_sdio.o(i.SDIO_GetITStatus), (24 bytes).
    Removing stm32f10x_sdio.o(i.SDIO_GetPowerState), (16 bytes).
    Removing stm32f10x_sdio.o(i.SDIO_GetResponse), (24 bytes).
    Removing stm32f10x_sdio.o(i.SDIO_ITConfig), (32 bytes).
    Removing stm32f10x_sdio.o(i.SDIO_Init), (48 bytes).
    Removing stm32f10x_sdio.o(i.SDIO_ReadData), (12 bytes).
    Removing stm32f10x_sdio.o(i.SDIO_SendCEATACmd), (12 bytes).
    Removing stm32f10x_sdio.o(i.SDIO_SendCommand), (44 bytes).
    Removing stm32f10x_sdio.o(i.SDIO_SendSDIOSuspendCmd), (12 bytes).
    Removing stm32f10x_sdio.o(i.SDIO_SetPowerState), (28 bytes).
    Removing stm32f10x_sdio.o(i.SDIO_SetSDIOOperation), (12 bytes).
    Removing stm32f10x_sdio.o(i.SDIO_SetSDIOReadWaitMode), (12 bytes).
    Removing stm32f10x_sdio.o(i.SDIO_StartSDIOReadWait), (12 bytes).
    Removing stm32f10x_sdio.o(i.SDIO_StopSDIOReadWait), (12 bytes).
    Removing stm32f10x_sdio.o(i.SDIO_StructInit), (16 bytes).
    Removing stm32f10x_sdio.o(i.SDIO_WriteData), (12 bytes).
    Removing stm32f10x_spi.o(i.I2S_Cmd), (24 bytes).
    Removing stm32f10x_spi.o(i.I2S_Init), (232 bytes).
    Removing stm32f10x_spi.o(i.I2S_StructInit), (20 bytes).
    Removing stm32f10x_spi.o(i.SPI_BiDirectionalLineConfig), (28 bytes).
    Removing stm32f10x_spi.o(i.SPI_CalculateCRC), (24 bytes).
    Removing stm32f10x_spi.o(i.SPI_Cmd), (24 bytes).
    Removing stm32f10x_spi.o(i.SPI_DataSizeConfig), (18 bytes).
    Removing stm32f10x_spi.o(i.SPI_GetCRC), (16 bytes).
    Removing stm32f10x_spi.o(i.SPI_GetCRCPolynomial), (6 bytes).
    Removing stm32f10x_spi.o(i.SPI_I2S_ClearFlag), (6 bytes).
    Removing stm32f10x_spi.o(i.SPI_I2S_ClearITPendingBit), (20 bytes).
    Removing stm32f10x_spi.o(i.SPI_I2S_DMACmd), (18 bytes).
    Removing stm32f10x_spi.o(i.SPI_I2S_DeInit), (88 bytes).
    Removing stm32f10x_spi.o(i.SPI_I2S_GetFlagStatus), (18 bytes).
    Removing stm32f10x_spi.o(i.SPI_I2S_GetITStatus), (52 bytes).
    Removing stm32f10x_spi.o(i.SPI_I2S_ITConfig), (32 bytes).
    Removing stm32f10x_spi.o(i.SPI_I2S_ReceiveData), (6 bytes).
    Removing stm32f10x_spi.o(i.SPI_I2S_SendData), (4 bytes).
    Removing stm32f10x_spi.o(i.SPI_Init), (60 bytes).
    Removing stm32f10x_spi.o(i.SPI_NSSInternalSoftwareConfig), (30 bytes).
    Removing stm32f10x_spi.o(i.SPI_SSOutputCmd), (24 bytes).
    Removing stm32f10x_spi.o(i.SPI_StructInit), (24 bytes).
    Removing stm32f10x_spi.o(i.SPI_TransmitCRC), (10 bytes).
    Removing stm32f10x_tim.o(i.TI1_Config), (128 bytes).
    Removing stm32f10x_tim.o(i.TI2_Config), (152 bytes).
    Removing stm32f10x_tim.o(i.TI3_Config), (144 bytes).
    Removing stm32f10x_tim.o(i.TI4_Config), (152 bytes).
    Removing stm32f10x_tim.o(i.TIM_ARRPreloadConfig), (24 bytes).
    Removing stm32f10x_tim.o(i.TIM_BDTRConfig), (32 bytes).
    Removing stm32f10x_tim.o(i.TIM_BDTRStructInit), (18 bytes).
    Removing stm32f10x_tim.o(i.TIM_CCPreloadControl), (24 bytes).
    Removing stm32f10x_tim.o(i.TIM_CCxCmd), (30 bytes).
    Removing stm32f10x_tim.o(i.TIM_CCxNCmd), (30 bytes).
    Removing stm32f10x_tim.o(i.TIM_ClearOC1Ref), (18 bytes).
    Removing stm32f10x_tim.o(i.TIM_ClearOC2Ref), (24 bytes).
    Removing stm32f10x_tim.o(i.TIM_ClearOC3Ref), (18 bytes).
    Removing stm32f10x_tim.o(i.TIM_ClearOC4Ref), (24 bytes).
    Removing stm32f10x_tim.o(i.TIM_CounterModeConfig), (18 bytes).
    Removing stm32f10x_tim.o(i.TIM_CtrlPWMOutputs), (30 bytes).
    Removing stm32f10x_tim.o(i.TIM_DMACmd), (18 bytes).
    Removing stm32f10x_tim.o(i.TIM_DMAConfig), (10 bytes).
    Removing stm32f10x_tim.o(i.TIM_DeInit), (488 bytes).
    Removing stm32f10x_tim.o(i.TIM_ETRClockMode1Config), (54 bytes).
    Removing stm32f10x_tim.o(i.TIM_ETRClockMode2Config), (32 bytes).
    Removing stm32f10x_tim.o(i.TIM_ETRConfig), (28 bytes).
    Removing stm32f10x_tim.o(i.TIM_EncoderInterfaceConfig), (66 bytes).
    Removing stm32f10x_tim.o(i.TIM_ForcedOC1Config), (18 bytes).
    Removing stm32f10x_tim.o(i.TIM_ForcedOC2Config), (26 bytes).
    Removing stm32f10x_tim.o(i.TIM_ForcedOC3Config), (18 bytes).
    Removing stm32f10x_tim.o(i.TIM_ForcedOC4Config), (26 bytes).
    Removing stm32f10x_tim.o(i.TIM_GenerateEvent), (4 bytes).
    Removing stm32f10x_tim.o(i.TIM_GetCapture1), (6 bytes).
    Removing stm32f10x_tim.o(i.TIM_GetCapture2), (6 bytes).
    Removing stm32f10x_tim.o(i.TIM_GetCapture3), (6 bytes).
    Removing stm32f10x_tim.o(i.TIM_GetCapture4), (8 bytes).
    Removing stm32f10x_tim.o(i.TIM_GetCounter), (6 bytes).
    Removing stm32f10x_tim.o(i.TIM_GetFlagStatus), (18 bytes).
    Removing stm32f10x_tim.o(i.TIM_GetPrescaler), (6 bytes).
    Removing stm32f10x_tim.o(i.TIM_ICInit), (172 bytes).
    Removing stm32f10x_tim.o(i.TIM_ICStructInit), (18 bytes).
    Removing stm32f10x_tim.o(i.TIM_ITRxExternalClockConfig), (24 bytes).
    Removing stm32f10x_tim.o(i.TIM_OC1FastConfig), (18 bytes).
    Removing stm32f10x_tim.o(i.TIM_OC1Init), (152 bytes).
    Removing stm32f10x_tim.o(i.TIM_OC1NPolarityConfig), (18 bytes).
    Removing stm32f10x_tim.o(i.TIM_OC1PolarityConfig), (18 bytes).
    Removing stm32f10x_tim.o(i.TIM_OC1PreloadConfig), (18 bytes).
    Removing stm32f10x_tim.o(i.TIM_OC2FastConfig), (26 bytes).
    Removing stm32f10x_tim.o(i.TIM_OC2NPolarityConfig), (26 bytes).
    Removing stm32f10x_tim.o(i.TIM_OC2PolarityConfig), (26 bytes).
    Removing stm32f10x_tim.o(i.TIM_OC2PreloadConfig), (26 bytes).
    Removing stm32f10x_tim.o(i.TIM_OC3FastConfig), (18 bytes).
    Removing stm32f10x_tim.o(i.TIM_OC3NPolarityConfig), (26 bytes).
    Removing stm32f10x_tim.o(i.TIM_OC3PolarityConfig), (26 bytes).
    Removing stm32f10x_tim.o(i.TIM_OC3PreloadConfig), (18 bytes).
    Removing stm32f10x_tim.o(i.TIM_OC4FastConfig), (26 bytes).
    Removing stm32f10x_tim.o(i.TIM_OC4Init), (124 bytes).
    Removing stm32f10x_tim.o(i.TIM_OC4PolarityConfig), (26 bytes).
    Removing stm32f10x_tim.o(i.TIM_OC4PreloadConfig), (26 bytes).
    Removing stm32f10x_tim.o(i.TIM_PWMIConfig), (124 bytes).
    Removing stm32f10x_tim.o(i.TIM_PrescalerConfig), (6 bytes).
    Removing stm32f10x_tim.o(i.TIM_SelectCCDMA), (24 bytes).
    Removing stm32f10x_tim.o(i.TIM_SelectCOM), (24 bytes).
    Removing stm32f10x_tim.o(i.TIM_SelectHallSensor), (24 bytes).
    Removing stm32f10x_tim.o(i.TIM_SelectInputTrigger), (18 bytes).
    Removing stm32f10x_tim.o(i.TIM_SelectMasterSlaveMode), (18 bytes).
    Removing stm32f10x_tim.o(i.TIM_SelectOCxM), (82 bytes).
    Removing stm32f10x_tim.o(i.TIM_SelectOnePulseMode), (18 bytes).
    Removing stm32f10x_tim.o(i.TIM_SelectOutputTrigger), (18 bytes).
    Removing stm32f10x_tim.o(i.TIM_SelectSlaveMode), (18 bytes).
    Removing stm32f10x_tim.o(i.TIM_SetAutoreload), (4 bytes).
    Removing stm32f10x_tim.o(i.TIM_SetClockDivision), (18 bytes).
    Removing stm32f10x_tim.o(i.TIM_SetCompare1), (4 bytes).
    Removing stm32f10x_tim.o(i.TIM_SetCompare4), (6 bytes).
    Removing stm32f10x_tim.o(i.TIM_SetCounter), (4 bytes).
    Removing stm32f10x_tim.o(i.TIM_SetIC1Prescaler), (18 bytes).
    Removing stm32f10x_tim.o(i.TIM_SetIC2Prescaler), (26 bytes).
    Removing stm32f10x_tim.o(i.TIM_SetIC3Prescaler), (18 bytes).
    Removing stm32f10x_tim.o(i.TIM_SetIC4Prescaler), (26 bytes).
    Removing stm32f10x_tim.o(i.TIM_TIxExternalClockConfig), (62 bytes).
    Removing stm32f10x_tim.o(i.TIM_TimeBaseStructInit), (18 bytes).
    Removing stm32f10x_tim.o(i.TIM_UpdateDisableConfig), (24 bytes).
    Removing stm32f10x_tim.o(i.TIM_UpdateRequestConfig), (24 bytes).
    Removing stm32f10x_usart.o(i.USART_ClearFlag), (18 bytes).
    Removing stm32f10x_usart.o(i.USART_ClockInit), (34 bytes).
    Removing stm32f10x_usart.o(i.USART_ClockStructInit), (12 bytes).
    Removing stm32f10x_usart.o(i.USART_DMACmd), (18 bytes).
    Removing stm32f10x_usart.o(i.USART_DeInit), (156 bytes).
    Removing stm32f10x_usart.o(i.USART_HalfDuplexCmd), (24 bytes).
    Removing stm32f10x_usart.o(i.USART_IrDACmd), (24 bytes).
    Removing stm32f10x_usart.o(i.USART_IrDAConfig), (18 bytes).
    Removing stm32f10x_usart.o(i.USART_LINBreakDetectLengthConfig), (18 bytes).
    Removing stm32f10x_usart.o(i.USART_LINCmd), (24 bytes).
    Removing stm32f10x_usart.o(i.USART_OneBitMethodCmd), (24 bytes).
    Removing stm32f10x_usart.o(i.USART_OverSampling8Cmd), (22 bytes).
    Removing stm32f10x_usart.o(i.USART_ReceiverWakeUpCmd), (24 bytes).
    Removing stm32f10x_usart.o(i.USART_SendBreak), (10 bytes).
    Removing stm32f10x_usart.o(i.USART_SetAddress), (18 bytes).
    Removing stm32f10x_usart.o(i.USART_SetGuardTime), (16 bytes).
    Removing stm32f10x_usart.o(i.USART_SetPrescaler), (16 bytes).
    Removing stm32f10x_usart.o(i.USART_SmartCardCmd), (24 bytes).
    Removing stm32f10x_usart.o(i.USART_SmartCardNACKCmd), (24 bytes).
    Removing stm32f10x_usart.o(i.USART_StructInit), (24 bytes).
    Removing stm32f10x_usart.o(i.USART_WakeUpConfig), (18 bytes).
    Removing stm32f10x_wwdg.o(i.WWDG_ClearFlag), (12 bytes).
    Removing stm32f10x_wwdg.o(i.WWDG_DeInit), (22 bytes).
    Removing stm32f10x_wwdg.o(i.WWDG_Enable), (16 bytes).
    Removing stm32f10x_wwdg.o(i.WWDG_EnableIT), (12 bytes).
    Removing stm32f10x_wwdg.o(i.WWDG_GetFlagStatus), (12 bytes).
    Removing stm32f10x_wwdg.o(i.WWDG_SetCounter), (16 bytes).
    Removing stm32f10x_wwdg.o(i.WWDG_SetPrescaler), (24 bytes).
    Removing stm32f10x_wwdg.o(i.WWDG_SetWindowValue), (40 bytes).
    Removing delay.o(i.Delay_ms), (24 bytes).
    Removing delay.o(i.Delay_s), (24 bytes).
    Removing delay.o(i.Delay_us), (46 bytes).
    Removing led.o(i.LED1_OFF), (16 bytes).
    Removing led.o(i.LED1_ON), (16 bytes).
    Removing led.o(i.LED1_Turn), (36 bytes).
    Removing led.o(i.LED2_OFF), (16 bytes).
    Removing led.o(i.LED2_ON), (16 bytes).
    Removing led.o(i.LED2_Turn), (36 bytes).
    Removing serial.o(i.Serial_Pow), (20 bytes).
    Removing serial.o(i.Serial_Printf), (36 bytes).
    Removing serial.o(i.Serial_SendArray), (26 bytes).
    Removing serial.o(i.Serial_SendNumber), (58 bytes).
    Removing serial.o(i.Serial_SendString), (26 bytes).
    Removing oled.o(i.OLED_DrawArc), (618 bytes).
    Removing oled.o(i.OLED_DrawCircle), (352 bytes).
    Removing oled.o(i.OLED_DrawEllipse), (812 bytes).
    Removing oled.o(i.OLED_DrawLine), (374 bytes).
    Removing oled.o(i.OLED_DrawPoint), (80 bytes).
    Removing oled.o(i.OLED_DrawRectangle), (142 bytes).
    Removing oled.o(i.OLED_DrawTriangle), (232 bytes).
    Removing oled.o(i.OLED_GetPoint), (68 bytes).
    Removing oled.o(i.OLED_IsInAngle), (124 bytes).
    Removing oled.o(i.OLED_Pow), (20 bytes).
    Removing oled.o(i.OLED_Reverse), (52 bytes).
    Removing oled.o(i.OLED_ReverseArea), (144 bytes).
    Removing oled.o(i.OLED_ShowBinNum), (70 bytes).
    Removing oled.o(i.OLED_ShowFloatNum), (210 bytes).
    Removing oled.o(i.OLED_ShowHexNum), (96 bytes).
    Removing oled.o(i.OLED_ShowNum), (76 bytes).
    Removing oled.o(i.OLED_ShowSignedNum), (112 bytes).
    Removing oled.o(i.OLED_UpdateArea), (124 bytes).
    Removing oled.o(i.OLED_pnpoly), (140 bytes).
    Removing car.o(i.Go_Back), (20 bytes).
    Removing fadd.o(.text), (176 bytes).
    Removing dfltui.o(.text), (26 bytes).
    Removing dfixui.o(.text), (50 bytes).
    Removing cdcmple.o(.text), (48 bytes).
    Removing d2f.o(.text), (56 bytes).
    Removing cfcmple.o(.text), (20 bytes).
    Removing drnd.o(.text), (136 bytes).
    Removing dscalb.o(.text), (46 bytes).

488 unused section(s) (total 22914 bytes) removed from the image.

==============================================================================

Image Symbol Table

    Local Symbols

    Symbol Name                              Value     Ov Type        Size  Object(Section)

    ../clib/microlib/ctype/ctype.c           0x00000000   Number         0  isxdigit_o.o ABSOLUTE
    ../clib/microlib/ctype/ctype.c           0x00000000   Number         0  isupper_o.o ABSOLUTE
    ../clib/microlib/ctype/ctype.c           0x00000000   Number         0  isspace_o.o ABSOLUTE
    ../clib/microlib/ctype/ctype.c           0x00000000   Number         0  ispunct_o.o ABSOLUTE
    ../clib/microlib/ctype/ctype.c           0x00000000   Number         0  isprint_o.o ABSOLUTE
    ../clib/microlib/ctype/ctype.c           0x00000000   Number         0  islower_o.o ABSOLUTE
    ../clib/microlib/ctype/ctype.c           0x00000000   Number         0  isdigit_o.o ABSOLUTE
    ../clib/microlib/ctype/ctype.c           0x00000000   Number         0  iscntrl_o.o ABSOLUTE
    ../clib/microlib/ctype/ctype.c           0x00000000   Number         0  isalpha_o.o ABSOLUTE
    ../clib/microlib/ctype/ctype.c           0x00000000   Number         0  isblank_o.o ABSOLUTE
    ../clib/microlib/ctype/ctype.c           0x00000000   Number         0  isalnum_o.o ABSOLUTE
    ../clib/microlib/ctype/ctype.c           0x00000000   Number         0  ctype_o.o ABSOLUTE
    ../clib/microlib/ctype/ctype.c           0x00000000   Number         0  isgraph_o.o ABSOLUTE
    ../clib/microlib/division.c              0x00000000   Number         0  uidiv.o ABSOLUTE
    ../clib/microlib/division.c              0x00000000   Number         0  uldiv.o ABSOLUTE
    ../clib/microlib/errno.c                 0x00000000   Number         0  errno.o ABSOLUTE
    ../clib/microlib/init/entry.s            0x00000000   Number         0  entry.o ABSOLUTE
    ../clib/microlib/init/entry.s            0x00000000   Number         0  entry9a.o ABSOLUTE
    ../clib/microlib/init/entry.s            0x00000000   Number         0  entry8a.o ABSOLUTE
    ../clib/microlib/init/entry.s            0x00000000   Number         0  entry7a.o ABSOLUTE
    ../clib/microlib/init/entry.s            0x00000000   Number         0  entry7b.o ABSOLUTE
    ../clib/microlib/init/entry.s            0x00000000   Number         0  entry9b.o ABSOLUTE
    ../clib/microlib/init/entry.s            0x00000000   Number         0  entry2.o ABSOLUTE
    ../clib/microlib/init/entry.s            0x00000000   Number         0  entry10a.o ABSOLUTE
    ../clib/microlib/init/entry.s            0x00000000   Number         0  entry10b.o ABSOLUTE
    ../clib/microlib/init/entry.s            0x00000000   Number         0  entry11a.o ABSOLUTE
    ../clib/microlib/init/entry.s            0x00000000   Number         0  entry5.o ABSOLUTE
    ../clib/microlib/init/entry.s            0x00000000   Number         0  entry11b.o ABSOLUTE
    ../clib/microlib/init/entry.s            0x00000000   Number         0  entry8b.o ABSOLUTE
    ../clib/microlib/longlong.c              0x00000000   Number         0  llushr.o ABSOLUTE
    ../clib/microlib/longlong.c              0x00000000   Number         0  llshl.o ABSOLUTE
    ../clib/microlib/longlong.c              0x00000000   Number         0  llsshr.o ABSOLUTE
    ../clib/microlib/printf/printf.c         0x00000000   Number         0  printf4.o ABSOLUTE
    ../clib/microlib/printf/printf.c         0x00000000   Number         0  printfa.o ABSOLUTE
    ../clib/microlib/printf/printf.c         0x00000000   Number         0  printf1.o ABSOLUTE
    ../clib/microlib/printf/printf.c         0x00000000   Number         0  printf0.o ABSOLUTE
    ../clib/microlib/printf/printf.c         0x00000000   Number         0  printf2.o ABSOLUTE
    ../clib/microlib/printf/printf.c         0x00000000   Number         0  printfb.o ABSOLUTE
    ../clib/microlib/printf/printf.c         0x00000000   Number         0  printf3.o ABSOLUTE
    ../clib/microlib/printf/printf.c         0x00000000   Number         0  printf8.o ABSOLUTE
    ../clib/microlib/printf/printf.c         0x00000000   Number         0  printf6.o ABSOLUTE
    ../clib/microlib/printf/printf.c         0x00000000   Number         0  printf5.o ABSOLUTE
    ../clib/microlib/printf/printf.c         0x00000000   Number         0  printf7.o ABSOLUTE
    ../clib/microlib/printf/stubs.s          0x00000000   Number         0  stubs.o ABSOLUTE
    ../clib/microlib/stdio/streams.c         0x00000000   Number         0  stdout.o ABSOLUTE
    ../clib/microlib/string/memcmp.c         0x00000000   Number         0  memcmp.o ABSOLUTE
    ../clib/microlib/string/memcpy.c         0x00000000   Number         0  memcpyb.o ABSOLUTE
    ../clib/microlib/string/memcpy.c         0x00000000   Number         0  memcpya.o ABSOLUTE
    ../clib/microlib/string/strcmp.c         0x00000000   Number         0  strcmp.o ABSOLUTE
    ../clib/microlib/string/strtok.c         0x00000000   Number         0  strtok.o ABSOLUTE
    ../clib/microlib/string/strtok.c         0x00000000   Number         0  strtok_r.o ABSOLUTE
    ../clib/microlib/stubs.s                 0x00000000   Number         0  iusefp.o ABSOLUTE
    ../clib/scanf.c                          0x00000000   Number         0  atoi.o ABSOLUTE
    ../clib/scanf.c                          0x00000000   Number         0  strtol.o ABSOLUTE
    ../clib/scanf.c                          0x00000000   Number         0  _chval.o ABSOLUTE
    ../clib/scanf.c                          0x00000000   Number         0  _strtoul.o ABSOLUTE
    ../fplib/microlib/d2f.c                  0x00000000   Number         0  d2f.o ABSOLUTE
    ../fplib/microlib/fpadd.c                0x00000000   Number         0  fadd.o ABSOLUTE
    ../fplib/microlib/fpadd.c                0x00000000   Number         0  dadd.o ABSOLUTE
    ../fplib/microlib/fpdiv.c                0x00000000   Number         0  fdiv.o ABSOLUTE
    ../fplib/microlib/fpdiv.c                0x00000000   Number         0  ddiv.o ABSOLUTE
    ../fplib/microlib/fpepilogue.c           0x00000000   Number         0  fepilogue.o ABSOLUTE
    ../fplib/microlib/fpepilogue.c           0x00000000   Number         0  depilogue.o ABSOLUTE
    ../fplib/microlib/fpfix.c                0x00000000   Number         0  dfixi.o ABSOLUTE
    ../fplib/microlib/fpfix.c                0x00000000   Number         0  ffixi.o ABSOLUTE
    ../fplib/microlib/fpfix.c                0x00000000   Number         0  dfixul.o ABSOLUTE
    ../fplib/microlib/fpfix.c                0x00000000   Number         0  dfixui.o ABSOLUTE
    ../fplib/microlib/fpflt.c                0x00000000   Number         0  dfltui.o ABSOLUTE
    ../fplib/microlib/fpflt.c                0x00000000   Number         0  fflti.o ABSOLUTE
    ../fplib/microlib/fpflt.c                0x00000000   Number         0  dflti.o ABSOLUTE
    ../fplib/microlib/fpmul.c                0x00000000   Number         0  dmul.o ABSOLUTE
    ../fplib/microlib/fpmul.c                0x00000000   Number         0  fmul.o ABSOLUTE
    ../fplib/microlib/fprnd.c                0x00000000   Number         0  drnd.o ABSOLUTE
    ../fplib/microlib/fpscalb.c              0x00000000   Number         0  dscalb.o ABSOLUTE
    ../mathlib/atan.c                        0x00000000   Number         0  atan_x.o ABSOLUTE
    ../mathlib/atan.c                        0x00000000   Number         0  atan.o ABSOLUTE
    ../mathlib/atan2.c                       0x00000000   Number         0  atan2.o ABSOLUTE
    ../mathlib/atan2.c                       0x00000000   Number         0  atan2_x.o ABSOLUTE
    ../mathlib/dunder.c                      0x00000000   Number         0  dunder.o ABSOLUTE
    ../mathlib/fpclassify.c                  0x00000000   Number         0  fpclassify.o ABSOLUTE
    ../mathlib/poly.c                        0x00000000   Number         0  poly.o ABSOLUTE
    ../mathlib/qnan.c                        0x00000000   Number         0  qnan.o ABSOLUTE
    ../mathlib/round.c                       0x00000000   Number         0  round.o ABSOLUTE
    Hardware\Car.c                           0x00000000   Number         0  car.o ABSOLUTE
    Hardware\Key.c                           0x00000000   Number         0  key.o ABSOLUTE
    Hardware\LED.c                           0x00000000   Number         0  led.o ABSOLUTE
    Hardware\LineSensor.c                    0x00000000   Number         0  linesensor.o ABSOLUTE
    Hardware\Motor.c                         0x00000000   Number         0  motor.o ABSOLUTE
    Hardware\OLED.c                          0x00000000   Number         0  oled.o ABSOLUTE
    Hardware\OLED_Data.c                     0x00000000   Number         0  oled_data.o ABSOLUTE
    Hardware\PWM.c                           0x00000000   Number         0  pwm.o ABSOLUTE
    Hardware\Serial.c                        0x00000000   Number         0  serial.o ABSOLUTE
    Library\misc.c                           0x00000000   Number         0  misc.o ABSOLUTE
    Library\stm32f10x_adc.c                  0x00000000   Number         0  stm32f10x_adc.o ABSOLUTE
    Library\stm32f10x_bkp.c                  0x00000000   Number         0  stm32f10x_bkp.o ABSOLUTE
    Library\stm32f10x_can.c                  0x00000000   Number         0  stm32f10x_can.o ABSOLUTE
    Library\stm32f10x_cec.c                  0x00000000   Number         0  stm32f10x_cec.o ABSOLUTE
    Library\stm32f10x_crc.c                  0x00000000   Number         0  stm32f10x_crc.o ABSOLUTE
    Library\stm32f10x_dac.c                  0x00000000   Number         0  stm32f10x_dac.o ABSOLUTE
    Library\stm32f10x_dbgmcu.c               0x00000000   Number         0  stm32f10x_dbgmcu.o ABSOLUTE
    Library\stm32f10x_dma.c                  0x00000000   Number         0  stm32f10x_dma.o ABSOLUTE
    Library\stm32f10x_exti.c                 0x00000000   Number         0  stm32f10x_exti.o ABSOLUTE
    Library\stm32f10x_flash.c                0x00000000   Number         0  stm32f10x_flash.o ABSOLUTE
    Library\stm32f10x_fsmc.c                 0x00000000   Number         0  stm32f10x_fsmc.o ABSOLUTE
    Library\stm32f10x_gpio.c                 0x00000000   Number         0  stm32f10x_gpio.o ABSOLUTE
    Library\stm32f10x_i2c.c                  0x00000000   Number         0  stm32f10x_i2c.o ABSOLUTE
    Library\stm32f10x_iwdg.c                 0x00000000   Number         0  stm32f10x_iwdg.o ABSOLUTE
    Library\stm32f10x_pwr.c                  0x00000000   Number         0  stm32f10x_pwr.o ABSOLUTE
    Library\stm32f10x_rcc.c                  0x00000000   Number         0  stm32f10x_rcc.o ABSOLUTE
    Library\stm32f10x_rtc.c                  0x00000000   Number         0  stm32f10x_rtc.o ABSOLUTE
    Library\stm32f10x_sdio.c                 0x00000000   Number         0  stm32f10x_sdio.o ABSOLUTE
    Library\stm32f10x_spi.c                  0x00000000   Number         0  stm32f10x_spi.o ABSOLUTE
    Library\stm32f10x_tim.c                  0x00000000   Number         0  stm32f10x_tim.o ABSOLUTE
    Library\stm32f10x_usart.c                0x00000000   Number         0  stm32f10x_usart.o ABSOLUTE
    Library\stm32f10x_wwdg.c                 0x00000000   Number         0  stm32f10x_wwdg.o ABSOLUTE
    Start\\core_cm3.c                        0x00000000   Number         0  core_cm3.o ABSOLUTE
    Start\core_cm3.c                         0x00000000   Number         0  core_cm3.o ABSOLUTE
    Start\startup_stm32f10x_md.s             0x00000000   Number         0  startup_stm32f10x_md.o ABSOLUTE
    Start\system_stm32f10x.c                 0x00000000   Number         0  system_stm32f10x.o ABSOLUTE
    System\Delay.c                           0x00000000   Number         0  delay.o ABSOLUTE
    System\Timer.c                           0x00000000   Number         0  timer.o ABSOLUTE
    User\main.c                              0x00000000   Number         0  main.o ABSOLUTE
    User\stm32f10x_it.c                      0x00000000   Number         0  stm32f10x_it.o ABSOLUTE
    cdcmple.s                                0x00000000   Number         0  cdcmple.o ABSOLUTE
    cdrcmple.s                               0x00000000   Number         0  cdrcmple.o ABSOLUTE
    cfcmple.s                                0x00000000   Number         0  cfcmple.o ABSOLUTE
    dc.s                                     0x00000000   Number         0  dc.o ABSOLUTE
    handlers.s                               0x00000000   Number         0  handlers.o ABSOLUTE
    init.s                                   0x00000000   Number         0  init.o ABSOLUTE
    RESET                                    0x08000000   Section      236  startup_stm32f10x_md.o(RESET)
    .ARM.Collect$$$$00000000                 0x080000ec   Section        0  entry.o(.ARM.Collect$$$$00000000)
    .ARM.Collect$$$$00000001                 0x080000ec   Section        4  entry2.o(.ARM.Collect$$$$00000001)
    .ARM.Collect$$$$00000004                 0x080000f0   Section        4  entry5.o(.ARM.Collect$$$$00000004)
    .ARM.Collect$$$$00000008                 0x080000f4   Section        0  entry7b.o(.ARM.Collect$$$$00000008)
    .ARM.Collect$$$$0000000A                 0x080000f4   Section        0  entry8b.o(.ARM.Collect$$$$0000000A)
    .ARM.Collect$$$$0000000B                 0x080000f4   Section        8  entry9a.o(.ARM.Collect$$$$0000000B)
    .ARM.Collect$$$$0000000D                 0x080000fc   Section        0  entry10a.o(.ARM.Collect$$$$0000000D)
    .ARM.Collect$$$$0000000F                 0x080000fc   Section        0  entry11a.o(.ARM.Collect$$$$0000000F)
    .ARM.Collect$$$$00002712                 0x080000fc   Section        4  entry2.o(.ARM.Collect$$$$00002712)
    __lit__00000000                          0x080000fc   Data           4  entry2.o(.ARM.Collect$$$$00002712)
    .text                                    0x08000100   Section       36  startup_stm32f10x_md.o(.text)
    .text                                    0x08000124   Section        0  memcpya.o(.text)
    .text                                    0x08000148   Section        0  strcmp.o(.text)
    .text                                    0x08000164   Section        0  memcmp.o(.text)
    .text                                    0x08000180   Section        0  strtok.o(.text)
    .text                                    0x080001c4   Section        0  atoi.o(.text)
    .text                                    0x080001de   Section        0  fmul.o(.text)
    .text                                    0x08000242   Section        0  fdiv.o(.text)
    .text                                    0x080002be   Section        0  dadd.o(.text)
    .text                                    0x0800040c   Section        0  dmul.o(.text)
    .text                                    0x080004f0   Section        0  ddiv.o(.text)
    .text                                    0x080005ce   Section        0  fflti.o(.text)
    .text                                    0x080005e0   Section        0  dflti.o(.text)
    .text                                    0x08000602   Section        0  ffixi.o(.text)
    .text                                    0x08000634   Section        0  dfixi.o(.text)
    .text                                    0x08000674   Section       48  cdrcmple.o(.text)
    .text                                    0x080006a4   Section        0  uidiv.o(.text)
    .text                                    0x080006d0   Section        0  uldiv.o(.text)
    .text                                    0x08000732   Section        0  llshl.o(.text)
    .text                                    0x08000750   Section        0  llushr.o(.text)
    .text                                    0x08000770   Section        0  llsshr.o(.text)
    .text                                    0x08000794   Section        0  strtol.o(.text)
    .text                                    0x08000804   Section        0  fepilogue.o(.text)
    .text                                    0x08000804   Section        0  iusefp.o(.text)
    .text                                    0x08000872   Section        0  depilogue.o(.text)
    .text                                    0x0800092c   Section        0  dfixul.o(.text)
    .text                                    0x0800095c   Section       36  init.o(.text)
    .text                                    0x08000980   Section        0  ctype_o.o(.text)
    .text                                    0x08000988   Section        0  _strtoul.o(.text)
    .text                                    0x08000a26   Section        0  _chval.o(.text)
    i.BusFault_Handler                       0x08000a42   Section        0  stm32f10x_it.o(i.BusFault_Handler)
    i.Car_Stop                               0x08000a46   Section        0  car.o(i.Car_Stop)
    i.DebugMon_Handler                       0x08000a56   Section        0  stm32f10x_it.o(i.DebugMon_Handler)
    i.GPIO_Init                              0x08000a58   Section        0  stm32f10x_gpio.o(i.GPIO_Init)
    i.GPIO_ReadInputDataBit                  0x08000b6e   Section        0  stm32f10x_gpio.o(i.GPIO_ReadInputDataBit)
    i.GPIO_ResetBits                         0x08000b80   Section        0  stm32f10x_gpio.o(i.GPIO_ResetBits)
    i.GPIO_SetBits                           0x08000b84   Section        0  stm32f10x_gpio.o(i.GPIO_SetBits)
    i.GPIO_WriteBit                          0x08000b88   Section        0  stm32f10x_gpio.o(i.GPIO_WriteBit)
    i.Go_Ahead                               0x08000b92   Section        0  car.o(i.Go_Ahead)
    i.Handle_Manual_Control                  0x08000ba4   Section        0  main.o(i.Handle_Manual_Control)
    i.Handle_Tracking_Control                0x08000c64   Section        0  main.o(i.Handle_Tracking_Control)
    i.HardFault_Handler                      0x08000f50   Section        0  stm32f10x_it.o(i.HardFault_Handler)
    i.Key_GetNum                             0x08000f54   Section        0  key.o(i.Key_GetNum)
    i.Key_GetState                           0x08000f70   Section        0  key.o(i.Key_GetState)
    i.Key_Init                               0x08000fa8   Section        0  key.o(i.Key_Init)
    i.Key_Tick                               0x08000fd4   Section        0  key.o(i.Key_Tick)
    i.LED_Init                               0x08001024   Section        0  led.o(i.LED_Init)
    i.LineSensor_Init                        0x08001058   Section        0  linesensor.o(i.LineSensor_Init)
    i.LineSensor_Read                        0x080010ac   Section        0  linesensor.o(i.LineSensor_Read)
    i.MemManage_Handler                      0x080010e4   Section        0  stm32f10x_it.o(i.MemManage_Handler)
    i.Motor_Init                             0x080010e8   Section        0  motor.o(i.Motor_Init)
    i.Motor_SetPWM1                          0x08001118   Section        0  motor.o(i.Motor_SetPWM1)
    i.Motor_SetPWM2                          0x080011b0   Section        0  motor.o(i.Motor_SetPWM2)
    i.NMI_Handler                            0x0800124c   Section        0  stm32f10x_it.o(i.NMI_Handler)
    i.NVIC_Init                              0x08001250   Section        0  misc.o(i.NVIC_Init)
    i.NVIC_PriorityGroupConfig               0x080012c0   Section        0  misc.o(i.NVIC_PriorityGroupConfig)
    i.OLED_Clear                             0x080012d4   Section        0  oled.o(i.OLED_Clear)
    i.OLED_ClearArea                         0x080012fc   Section        0  oled.o(i.OLED_ClearArea)
    i.OLED_GPIO_Init                         0x0800138c   Section        0  oled.o(i.OLED_GPIO_Init)
    i.OLED_I2C_SendByte                      0x080013ec   Section        0  oled.o(i.OLED_I2C_SendByte)
    i.OLED_I2C_Start                         0x0800142a   Section        0  oled.o(i.OLED_I2C_Start)
    i.OLED_I2C_Stop                          0x08001446   Section        0  oled.o(i.OLED_I2C_Stop)
    i.OLED_Init                              0x0800145c   Section        0  oled.o(i.OLED_Init)
    i.OLED_Printf                            0x080014f6   Section        0  oled.o(i.OLED_Printf)
    i.OLED_SetCursor                         0x08001528   Section        0  oled.o(i.OLED_SetCursor)
    i.OLED_ShowChar                          0x0800154c   Section        0  oled.o(i.OLED_ShowChar)
    i.OLED_ShowImage                         0x080015a0   Section        0  oled.o(i.OLED_ShowImage)
    i.OLED_ShowString                        0x0800169c   Section        0  oled.o(i.OLED_ShowString)
    i.OLED_Update                            0x08001860   Section        0  oled.o(i.OLED_Update)
    i.OLED_W_SCL                             0x08001888   Section        0  oled.o(i.OLED_W_SCL)
    i.OLED_W_SDA                             0x080018a0   Section        0  oled.o(i.OLED_W_SDA)
    i.OLED_WriteCommand                      0x080018b8   Section        0  oled.o(i.OLED_WriteCommand)
    i.OLED_WriteData                         0x080018d8   Section        0  oled.o(i.OLED_WriteData)
    i.PWM_Init                               0x08001908   Section        0  pwm.o(i.PWM_Init)
    i.PWM_SetCompare2                        0x080019b0   Section        0  pwm.o(i.PWM_SetCompare2)
    i.PWM_SetCompare3                        0x080019c0   Section        0  pwm.o(i.PWM_SetCompare3)
    i.PendSV_Handler                         0x080019d0   Section        0  stm32f10x_it.o(i.PendSV_Handler)
    i.RCC_APB1PeriphClockCmd                 0x080019d4   Section        0  stm32f10x_rcc.o(i.RCC_APB1PeriphClockCmd)
    i.RCC_APB2PeriphClockCmd                 0x080019f4   Section        0  stm32f10x_rcc.o(i.RCC_APB2PeriphClockCmd)
    i.RCC_GetClocksFreq                      0x08001a14   Section        0  stm32f10x_rcc.o(i.RCC_GetClocksFreq)
    i.SVC_Handler                            0x08001ae8   Section        0  stm32f10x_it.o(i.SVC_Handler)
    i.Self_Left1                             0x08001aea   Section        0  car.o(i.Self_Left1)
    i.Self_Left2                             0x08001afc   Section        0  car.o(i.Self_Left2)
    i.Self_Right1                            0x08001b0e   Section        0  car.o(i.Self_Right1)
    i.Self_Right2                            0x08001b20   Section        0  car.o(i.Self_Right2)
    i.Serial_Init                            0x08001b34   Section        0  serial.o(i.Serial_Init)
    i.Serial_SendByte                        0x08001bec   Section        0  serial.o(i.Serial_SendByte)
    i.SetSysClock                            0x08001c0c   Section        0  system_stm32f10x.o(i.SetSysClock)
    SetSysClock                              0x08001c0d   Thumb Code     8  system_stm32f10x.o(i.SetSysClock)
    i.SetSysClockTo72                        0x08001c14   Section        0  system_stm32f10x.o(i.SetSysClockTo72)
    SetSysClockTo72                          0x08001c15   Thumb Code   214  system_stm32f10x.o(i.SetSysClockTo72)
    i.SysTick_Handler                        0x08001cf4   Section        0  stm32f10x_it.o(i.SysTick_Handler)
    i.SystemInit                             0x08001cf8   Section        0  system_stm32f10x.o(i.SystemInit)
    i.TIM1_UP_IRQHandler                     0x08001d58   Section        0  main.o(i.TIM1_UP_IRQHandler)
    i.TIM_ClearFlag                          0x08001e28   Section        0  stm32f10x_tim.o(i.TIM_ClearFlag)
    i.TIM_ClearITPendingBit                  0x08001e2e   Section        0  stm32f10x_tim.o(i.TIM_ClearITPendingBit)
    i.TIM_Cmd                                0x08001e34   Section        0  stm32f10x_tim.o(i.TIM_Cmd)
    i.TIM_GetITStatus                        0x08001e4c   Section        0  stm32f10x_tim.o(i.TIM_GetITStatus)
    i.TIM_ITConfig                           0x08001e6e   Section        0  stm32f10x_tim.o(i.TIM_ITConfig)
    i.TIM_InternalClockConfig                0x08001e80   Section        0  stm32f10x_tim.o(i.TIM_InternalClockConfig)
    i.TIM_OC2Init                            0x08001e8c   Section        0  stm32f10x_tim.o(i.TIM_OC2Init)
    i.TIM_OC3Init                            0x08001f30   Section        0  stm32f10x_tim.o(i.TIM_OC3Init)
    i.TIM_OCStructInit                       0x08001fd0   Section        0  stm32f10x_tim.o(i.TIM_OCStructInit)
    i.TIM_SetCompare2                        0x08001fe4   Section        0  stm32f10x_tim.o(i.TIM_SetCompare2)
    i.TIM_SetCompare3                        0x08001fe8   Section        0  stm32f10x_tim.o(i.TIM_SetCompare3)
    i.TIM_TimeBaseInit                       0x08001fec   Section        0  stm32f10x_tim.o(i.TIM_TimeBaseInit)
    i.Timer_Init                             0x08002090   Section        0  timer.o(i.Timer_Init)
    i.Turn_Left                              0x0800210c   Section        0  car.o(i.Turn_Left)
    i.Turn_Right                             0x0800211c   Section        0  car.o(i.Turn_Right)
    i.USART1_IRQHandler                      0x0800212c   Section        0  serial.o(i.USART1_IRQHandler)
    i.USART_ClearITPendingBit                0x080021b8   Section        0  stm32f10x_usart.o(i.USART_ClearITPendingBit)
    i.USART_Cmd                              0x080021d6   Section        0  stm32f10x_usart.o(i.USART_Cmd)
    i.USART_GetFlagStatus                    0x080021ee   Section        0  stm32f10x_usart.o(i.USART_GetFlagStatus)
    i.USART_GetITStatus                      0x08002208   Section        0  stm32f10x_usart.o(i.USART_GetITStatus)
    i.USART_ITConfig                         0x0800225c   Section        0  stm32f10x_usart.o(i.USART_ITConfig)
    i.USART_Init                             0x080022a8   Section        0  stm32f10x_usart.o(i.USART_Init)
    i.USART_ReceiveData                      0x08002380   Section        0  stm32f10x_usart.o(i.USART_ReceiveData)
    i.USART_SendData                         0x0800238a   Section        0  stm32f10x_usart.o(i.USART_SendData)
    i.UsageFault_Handler                     0x08002392   Section        0  stm32f10x_it.o(i.UsageFault_Handler)
    i.__0printf                              0x08002398   Section        0  printfa.o(i.__0printf)
    i.__0vsprintf                            0x080023b8   Section        0  printfa.o(i.__0vsprintf)
    i.__aeabi_errno_addr                     0x080023dc   Section        0  errno.o(i.__aeabi_errno_addr)
    i.__scatterload_copy                     0x080023e4   Section       14  handlers.o(i.__scatterload_copy)
    i.__scatterload_null                     0x080023f2   Section        2  handlers.o(i.__scatterload_null)
    i.__scatterload_zeroinit                 0x080023f4   Section       14  handlers.o(i.__scatterload_zeroinit)
    i._fp_digits                             0x08002404   Section        0  printfa.o(i._fp_digits)
    _fp_digits                               0x08002405   Thumb Code   366  printfa.o(i._fp_digits)
    i._printf_core                           0x08002588   Section        0  printfa.o(i._printf_core)
    _printf_core                             0x08002589   Thumb Code  1744  printfa.o(i._printf_core)
    i._printf_post_padding                   0x08002c64   Section        0  printfa.o(i._printf_post_padding)
    _printf_post_padding                     0x08002c65   Thumb Code    36  printfa.o(i._printf_post_padding)
    i._printf_pre_padding                    0x08002c88   Section        0  printfa.o(i._printf_pre_padding)
    _printf_pre_padding                      0x08002c89   Thumb Code    46  printfa.o(i._printf_pre_padding)
    i._sputc                                 0x08002cb6   Section        0  printfa.o(i._sputc)
    _sputc                                   0x08002cb7   Thumb Code    10  printfa.o(i._sputc)
    i.fputc                                  0x08002cc0   Section        0  serial.o(i.fputc)
    i.main                                   0x08002cd0   Section        0  main.o(i.main)
    .constdata                               0x080031a0   Section     2381  oled_data.o(.constdata)
    .constdata                               0x08003af0   Section      180  main.o(.constdata)
    .constdata                               0x08003ba4   Section      129  ctype_o.o(.constdata)
    .constdata                               0x08003c28   Section        4  ctype_o.o(.constdata)
    table                                    0x08003c28   Data           4  ctype_o.o(.constdata)
    .data                                    0x20000000   Section       20  stm32f10x_rcc.o(.data)
    APBAHBPrescTable                         0x20000000   Data          16  stm32f10x_rcc.o(.data)
    ADCPrescTable                            0x20000010   Data           4  stm32f10x_rcc.o(.data)
    .data                                    0x20000014   Section        4  key.o(.data)
    Count                                    0x20000015   Data           1  key.o(.data)
    CurrState                                0x20000016   Data           1  key.o(.data)
    PrevState                                0x20000017   Data           1  key.o(.data)
    .data                                    0x20000018   Section        3  serial.o(.data)
    RxState                                  0x20000019   Data           1  serial.o(.data)
    pRxPacket                                0x2000001a   Data           1  serial.o(.data)
    .data                                    0x2000001c   Section       38  main.o(.data)
    .data                                    0x20000044   Section        4  strtok.o(.data)
    state                                    0x20000044   Data           4  strtok.o(.data)
    .data                                    0x20000048   Section        4  stdout.o(.data)
    .data                                    0x2000004c   Section        4  errno.o(.data)
    _errno                                   0x2000004c   Data           4  errno.o(.data)
    .bss                                     0x20000050   Section      100  serial.o(.bss)
    .bss                                     0x200000b4   Section     1024  oled.o(.bss)
    STACK                                    0x200004b8   Section     1024  startup_stm32f10x_md.o(STACK)

    Global Symbols

    Symbol Name                              Value     Ov Type        Size  Object(Section)

    BuildAttributes$$THM_ISAv4$P$D$K$B$S$PE$A:L22UL41UL21$X:L11$S22US41US21$IEEE1$IW$USESV6$~STKCKD$USESV7$~SHL$OTIME$ROPI$IEEEX$EBA8$MICROLIB$REQ8$PRES8$EABIv2 0x00000000   Number         0  anon$$obj.o ABSOLUTE
    __ARM_use_no_argv                        0x00000000   Number         0  main.o ABSOLUTE
    _printf_a                                0x00000000   Number         0  stubs.o ABSOLUTE
    _printf_c                                0x00000000   Number         0  stubs.o ABSOLUTE
    _printf_charcount                        0x00000000   Number         0  stubs.o ABSOLUTE
    _printf_d                                0x00000000   Number         0  stubs.o ABSOLUTE
    _printf_e                                0x00000000   Number         0  stubs.o ABSOLUTE
    _printf_f                                0x00000000   Number         0  stubs.o ABSOLUTE
    _printf_flags                            0x00000000   Number         0  stubs.o ABSOLUTE
    _printf_fp_dec                           0x00000000   Number         0  stubs.o ABSOLUTE
    _printf_fp_hex                           0x00000000   Number         0  stubs.o ABSOLUTE
    _printf_g                                0x00000000   Number         0  stubs.o ABSOLUTE
    _printf_i                                0x00000000   Number         0  stubs.o ABSOLUTE
    _printf_int_dec                          0x00000000   Number         0  stubs.o ABSOLUTE
    _printf_l                                0x00000000   Number         0  stubs.o ABSOLUTE
    _printf_lc                               0x00000000   Number         0  stubs.o ABSOLUTE
    _printf_ll                               0x00000000   Number         0  stubs.o ABSOLUTE
    _printf_lld                              0x00000000   Number         0  stubs.o ABSOLUTE
    _printf_lli                              0x00000000   Number         0  stubs.o ABSOLUTE
    _printf_llo                              0x00000000   Number         0  stubs.o ABSOLUTE
    _printf_llu                              0x00000000   Number         0  stubs.o ABSOLUTE
    _printf_llx                              0x00000000   Number         0  stubs.o ABSOLUTE
    _printf_longlong_dec                     0x00000000   Number         0  stubs.o ABSOLUTE
    _printf_longlong_hex                     0x00000000   Number         0  stubs.o ABSOLUTE
    _printf_longlong_oct                     0x00000000   Number         0  stubs.o ABSOLUTE
    _printf_ls                               0x00000000   Number         0  stubs.o ABSOLUTE
    _printf_mbtowc                           0x00000000   Number         0  stubs.o ABSOLUTE
    _printf_n                                0x00000000   Number         0  stubs.o ABSOLUTE
    _printf_o                                0x00000000   Number         0  stubs.o ABSOLUTE
    _printf_p                                0x00000000   Number         0  stubs.o ABSOLUTE
    _printf_percent                          0x00000000   Number         0  stubs.o ABSOLUTE
    _printf_pre_padding                      0x00000000   Number         0  stubs.o ABSOLUTE
    _printf_return_value                     0x00000000   Number         0  stubs.o ABSOLUTE
    _printf_s                                0x00000000   Number         0  stubs.o ABSOLUTE
    _printf_sizespec                         0x00000000   Number         0  stubs.o ABSOLUTE
    _printf_str                              0x00000000   Number         0  stubs.o ABSOLUTE
    _printf_truncate_signed                  0x00000000   Number         0  stubs.o ABSOLUTE
    _printf_truncate_unsigned                0x00000000   Number         0  stubs.o ABSOLUTE
    _printf_u                                0x00000000   Number         0  stubs.o ABSOLUTE
    _printf_wc                               0x00000000   Number         0  stubs.o ABSOLUTE
    _printf_wctomb                           0x00000000   Number         0  stubs.o ABSOLUTE
    _printf_widthprec                        0x00000000   Number         0  stubs.o ABSOLUTE
    _printf_x                                0x00000000   Number         0  stubs.o ABSOLUTE
    __cpp_initialize__aeabi_                  - Undefined Weak Reference
    __cxa_finalize                            - Undefined Weak Reference
    __decompress                              - Undefined Weak Reference
    _clock_init                               - Undefined Weak Reference
    _microlib_exit                            - Undefined Weak Reference
    __Vectors_Size                           0x000000ec   Number         0  startup_stm32f10x_md.o ABSOLUTE
    __Vectors                                0x08000000   Data           4  startup_stm32f10x_md.o(RESET)
    __Vectors_End                            0x080000ec   Data           0  startup_stm32f10x_md.o(RESET)
    __main                                   0x080000ed   Thumb Code     0  entry.o(.ARM.Collect$$$$00000000)
    _main_stk                                0x080000ed   Thumb Code     0  entry2.o(.ARM.Collect$$$$00000001)
    _main_scatterload                        0x080000f1   Thumb Code     0  entry5.o(.ARM.Collect$$$$00000004)
    __main_after_scatterload                 0x080000f5   Thumb Code     0  entry5.o(.ARM.Collect$$$$00000004)
    _main_clock                              0x080000f5   Thumb Code     0  entry7b.o(.ARM.Collect$$$$00000008)
    _main_cpp_init                           0x080000f5   Thumb Code     0  entry8b.o(.ARM.Collect$$$$0000000A)
    _main_init                               0x080000f5   Thumb Code     0  entry9a.o(.ARM.Collect$$$$0000000B)
    __rt_final_cpp                           0x080000fd   Thumb Code     0  entry10a.o(.ARM.Collect$$$$0000000D)
    __rt_final_exit                          0x080000fd   Thumb Code     0  entry11a.o(.ARM.Collect$$$$0000000F)
    Reset_Handler                            0x08000101   Thumb Code     8  startup_stm32f10x_md.o(.text)
    ADC1_2_IRQHandler                        0x0800011b   Thumb Code     0  startup_stm32f10x_md.o(.text)
    CAN1_RX1_IRQHandler                      0x0800011b   Thumb Code     0  startup_stm32f10x_md.o(.text)
    CAN1_SCE_IRQHandler                      0x0800011b   Thumb Code     0  startup_stm32f10x_md.o(.text)
    DMA1_Channel1_IRQHandler                 0x0800011b   Thumb Code     0  startup_stm32f10x_md.o(.text)
    DMA1_Channel2_IRQHandler                 0x0800011b   Thumb Code     0  startup_stm32f10x_md.o(.text)
    DMA1_Channel3_IRQHandler                 0x0800011b   Thumb Code     0  startup_stm32f10x_md.o(.text)
    DMA1_Channel4_IRQHandler                 0x0800011b   Thumb Code     0  startup_stm32f10x_md.o(.text)
    DMA1_Channel5_IRQHandler                 0x0800011b   Thumb Code     0  startup_stm32f10x_md.o(.text)
    DMA1_Channel6_IRQHandler                 0x0800011b   Thumb Code     0  startup_stm32f10x_md.o(.text)
    DMA1_Channel7_IRQHandler                 0x0800011b   Thumb Code     0  startup_stm32f10x_md.o(.text)
    EXTI0_IRQHandler                         0x0800011b   Thumb Code     0  startup_stm32f10x_md.o(.text)
    EXTI15_10_IRQHandler                     0x0800011b   Thumb Code     0  startup_stm32f10x_md.o(.text)
    EXTI1_IRQHandler                         0x0800011b   Thumb Code     0  startup_stm32f10x_md.o(.text)
    EXTI2_IRQHandler                         0x0800011b   Thumb Code     0  startup_stm32f10x_md.o(.text)
    EXTI3_IRQHandler                         0x0800011b   Thumb Code     0  startup_stm32f10x_md.o(.text)
    EXTI4_IRQHandler                         0x0800011b   Thumb Code     0  startup_stm32f10x_md.o(.text)
    EXTI9_5_IRQHandler                       0x0800011b   Thumb Code     0  startup_stm32f10x_md.o(.text)
    FLASH_IRQHandler                         0x0800011b   Thumb Code     0  startup_stm32f10x_md.o(.text)
    I2C1_ER_IRQHandler                       0x0800011b   Thumb Code     0  startup_stm32f10x_md.o(.text)
    I2C1_EV_IRQHandler                       0x0800011b   Thumb Code     0  startup_stm32f10x_md.o(.text)
    I2C2_ER_IRQHandler                       0x0800011b   Thumb Code     0  startup_stm32f10x_md.o(.text)
    I2C2_EV_IRQHandler                       0x0800011b   Thumb Code     0  startup_stm32f10x_md.o(.text)
    PVD_IRQHandler                           0x0800011b   Thumb Code     0  startup_stm32f10x_md.o(.text)
    RCC_IRQHandler                           0x0800011b   Thumb Code     0  startup_stm32f10x_md.o(.text)
    RTCAlarm_IRQHandler                      0x0800011b   Thumb Code     0  startup_stm32f10x_md.o(.text)
    RTC_IRQHandler                           0x0800011b   Thumb Code     0  startup_stm32f10x_md.o(.text)
    SPI1_IRQHandler                          0x0800011b   Thumb Code     0  startup_stm32f10x_md.o(.text)
    SPI2_IRQHandler                          0x0800011b   Thumb Code     0  startup_stm32f10x_md.o(.text)
    TAMPER_IRQHandler                        0x0800011b   Thumb Code     0  startup_stm32f10x_md.o(.text)
    TIM1_BRK_IRQHandler                      0x0800011b   Thumb Code     0  startup_stm32f10x_md.o(.text)
    TIM1_CC_IRQHandler                       0x0800011b   Thumb Code     0  startup_stm32f10x_md.o(.text)
    TIM1_TRG_COM_IRQHandler                  0x0800011b   Thumb Code     0  startup_stm32f10x_md.o(.text)
    TIM2_IRQHandler                          0x0800011b   Thumb Code     0  startup_stm32f10x_md.o(.text)
    TIM3_IRQHandler                          0x0800011b   Thumb Code     0  startup_stm32f10x_md.o(.text)
    TIM4_IRQHandler                          0x0800011b   Thumb Code     0  startup_stm32f10x_md.o(.text)
    USART2_IRQHandler                        0x0800011b   Thumb Code     0  startup_stm32f10x_md.o(.text)
    USART3_IRQHandler                        0x0800011b   Thumb Code     0  startup_stm32f10x_md.o(.text)
    USBWakeUp_IRQHandler                     0x0800011b   Thumb Code     0  startup_stm32f10x_md.o(.text)
    USB_HP_CAN1_TX_IRQHandler                0x0800011b   Thumb Code     0  startup_stm32f10x_md.o(.text)
    USB_LP_CAN1_RX0_IRQHandler               0x0800011b   Thumb Code     0  startup_stm32f10x_md.o(.text)
    WWDG_IRQHandler                          0x0800011b   Thumb Code     0  startup_stm32f10x_md.o(.text)
    __aeabi_memcpy                           0x08000125   Thumb Code    36  memcpya.o(.text)
    __aeabi_memcpy4                          0x08000125   Thumb Code     0  memcpya.o(.text)
    __aeabi_memcpy8                          0x08000125   Thumb Code     0  memcpya.o(.text)
    strcmp                                   0x08000149   Thumb Code    28  strcmp.o(.text)
    memcmp                                   0x08000165   Thumb Code    26  memcmp.o(.text)
    strtok                                   0x08000181   Thumb Code    62  strtok.o(.text)
    atoi                                     0x080001c5   Thumb Code    26  atoi.o(.text)
    __aeabi_fmul                             0x080001df   Thumb Code   100  fmul.o(.text)
    __aeabi_fdiv                             0x08000243   Thumb Code   124  fdiv.o(.text)
    __aeabi_dadd                             0x080002bf   Thumb Code   322  dadd.o(.text)
    __aeabi_dsub                             0x08000401   Thumb Code     6  dadd.o(.text)
    __aeabi_drsub                            0x08000407   Thumb Code     6  dadd.o(.text)
    __aeabi_dmul                             0x0800040d   Thumb Code   228  dmul.o(.text)
    __aeabi_ddiv                             0x080004f1   Thumb Code   222  ddiv.o(.text)
    __aeabi_i2f                              0x080005cf   Thumb Code    18  fflti.o(.text)
    __aeabi_i2d                              0x080005e1   Thumb Code    34  dflti.o(.text)
    __aeabi_f2iz                             0x08000603   Thumb Code    50  ffixi.o(.text)
    __aeabi_d2iz                             0x08000635   Thumb Code    62  dfixi.o(.text)
    __aeabi_cdrcmple                         0x08000675   Thumb Code    48  cdrcmple.o(.text)
    __aeabi_uidiv                            0x080006a5   Thumb Code     0  uidiv.o(.text)
    __aeabi_uidivmod                         0x080006a5   Thumb Code    44  uidiv.o(.text)
    __aeabi_uldivmod                         0x080006d1   Thumb Code    98  uldiv.o(.text)
    __aeabi_llsl                             0x08000733   Thumb Code    30  llshl.o(.text)
    _ll_shift_l                              0x08000733   Thumb Code     0  llshl.o(.text)
    __aeabi_llsr                             0x08000751   Thumb Code    32  llushr.o(.text)
    _ll_ushift_r                             0x08000751   Thumb Code     0  llushr.o(.text)
    __aeabi_lasr                             0x08000771   Thumb Code    36  llsshr.o(.text)
    _ll_sshift_r                             0x08000771   Thumb Code     0  llsshr.o(.text)
    strtol                                   0x08000795   Thumb Code   112  strtol.o(.text)
    __I$use$fp                               0x08000805   Thumb Code     0  iusefp.o(.text)
    _float_round                             0x08000805   Thumb Code    18  fepilogue.o(.text)
    _float_epilogue                          0x08000817   Thumb Code    92  fepilogue.o(.text)
    _double_round                            0x08000873   Thumb Code    30  depilogue.o(.text)
    _double_epilogue                         0x08000891   Thumb Code   156  depilogue.o(.text)
    __aeabi_d2ulz                            0x0800092d   Thumb Code    48  dfixul.o(.text)
    __scatterload                            0x0800095d   Thumb Code    28  init.o(.text)
    __scatterload_rt2                        0x0800095d   Thumb Code     0  init.o(.text)
    __rt_ctype_table                         0x08000981   Thumb Code     4  ctype_o.o(.text)
    _strtoul                                 0x08000989   Thumb Code   158  _strtoul.o(.text)
    _chval                                   0x08000a27   Thumb Code    28  _chval.o(.text)
    BusFault_Handler                         0x08000a43   Thumb Code     4  stm32f10x_it.o(i.BusFault_Handler)
    Car_Stop                                 0x08000a47   Thumb Code    16  car.o(i.Car_Stop)
    DebugMon_Handler                         0x08000a57   Thumb Code     2  stm32f10x_it.o(i.DebugMon_Handler)
    GPIO_Init                                0x08000a59   Thumb Code   278  stm32f10x_gpio.o(i.GPIO_Init)
    GPIO_ReadInputDataBit                    0x08000b6f   Thumb Code    18  stm32f10x_gpio.o(i.GPIO_ReadInputDataBit)
    GPIO_ResetBits                           0x08000b81   Thumb Code     4  stm32f10x_gpio.o(i.GPIO_ResetBits)
    GPIO_SetBits                             0x08000b85   Thumb Code     4  stm32f10x_gpio.o(i.GPIO_SetBits)
    GPIO_WriteBit                            0x08000b89   Thumb Code    10  stm32f10x_gpio.o(i.GPIO_WriteBit)
    Go_Ahead                                 0x08000b93   Thumb Code    16  car.o(i.Go_Ahead)
    Handle_Manual_Control                    0x08000ba5   Thumb Code   174  main.o(i.Handle_Manual_Control)
    Handle_Tracking_Control                  0x08000c65   Thumb Code   692  main.o(i.Handle_Tracking_Control)
    HardFault_Handler                        0x08000f51   Thumb Code     4  stm32f10x_it.o(i.HardFault_Handler)
    Key_GetNum                               0x08000f55   Thumb Code    24  key.o(i.Key_GetNum)
    Key_GetState                             0x08000f71   Thumb Code    52  key.o(i.Key_GetState)
    Key_Init                                 0x08000fa9   Thumb Code    40  key.o(i.Key_Init)
    Key_Tick                                 0x08000fd5   Thumb Code    62  key.o(i.Key_Tick)
    LED_Init                                 0x08001025   Thumb Code    46  led.o(i.LED_Init)
    LineSensor_Init                          0x08001059   Thumb Code    80  linesensor.o(i.LineSensor_Init)
    LineSensor_Read                          0x080010ad   Thumb Code    52  linesensor.o(i.LineSensor_Read)
    MemManage_Handler                        0x080010e5   Thumb Code     4  stm32f10x_it.o(i.MemManage_Handler)
    Motor_Init                               0x080010e9   Thumb Code    44  motor.o(i.Motor_Init)
    Motor_SetPWM1                            0x08001119   Thumb Code   142  motor.o(i.Motor_SetPWM1)
    Motor_SetPWM2                            0x080011b1   Thumb Code   144  motor.o(i.Motor_SetPWM2)
    NMI_Handler                              0x0800124d   Thumb Code     2  stm32f10x_it.o(i.NMI_Handler)
    NVIC_Init                                0x08001251   Thumb Code   100  misc.o(i.NVIC_Init)
    NVIC_PriorityGroupConfig                 0x080012c1   Thumb Code    10  misc.o(i.NVIC_PriorityGroupConfig)
    OLED_Clear                               0x080012d5   Thumb Code    36  oled.o(i.OLED_Clear)
    OLED_ClearArea                           0x080012fd   Thumb Code   140  oled.o(i.OLED_ClearArea)
    OLED_GPIO_Init                           0x0800138d   Thumb Code    92  oled.o(i.OLED_GPIO_Init)
    OLED_I2C_SendByte                        0x080013ed   Thumb Code    62  oled.o(i.OLED_I2C_SendByte)
    OLED_I2C_Start                           0x0800142b   Thumb Code    28  oled.o(i.OLED_I2C_Start)
    OLED_I2C_Stop                            0x08001447   Thumb Code    22  oled.o(i.OLED_I2C_Stop)
    OLED_Init                                0x0800145d   Thumb Code   154  oled.o(i.OLED_Init)
    OLED_Printf                              0x080014f7   Thumb Code    50  oled.o(i.OLED_Printf)
    OLED_SetCursor                           0x08001529   Thumb Code    34  oled.o(i.OLED_SetCursor)
    OLED_ShowChar                            0x0800154d   Thumb Code    74  oled.o(i.OLED_ShowChar)
    OLED_ShowImage                           0x080015a1   Thumb Code   248  oled.o(i.OLED_ShowImage)
    OLED_ShowString                          0x0800169d   Thumb Code   442  oled.o(i.OLED_ShowString)
    OLED_Update                              0x08001861   Thumb Code    36  oled.o(i.OLED_Update)
    OLED_W_SCL                               0x08001889   Thumb Code    18  oled.o(i.OLED_W_SCL)
    OLED_W_SDA                               0x080018a1   Thumb Code    18  oled.o(i.OLED_W_SDA)
    OLED_WriteCommand                        0x080018b9   Thumb Code    32  oled.o(i.OLED_WriteCommand)
    OLED_WriteData                           0x080018d9   Thumb Code    46  oled.o(i.OLED_WriteData)
    PWM_Init                                 0x08001909   Thumb Code   162  pwm.o(i.PWM_Init)
    PWM_SetCompare2                          0x080019b1   Thumb Code    16  pwm.o(i.PWM_SetCompare2)
    PWM_SetCompare3                          0x080019c1   Thumb Code    16  pwm.o(i.PWM_SetCompare3)
    PendSV_Handler                           0x080019d1   Thumb Code     2  stm32f10x_it.o(i.PendSV_Handler)
    RCC_APB1PeriphClockCmd                   0x080019d5   Thumb Code    26  stm32f10x_rcc.o(i.RCC_APB1PeriphClockCmd)
    RCC_APB2PeriphClockCmd                   0x080019f5   Thumb Code    26  stm32f10x_rcc.o(i.RCC_APB2PeriphClockCmd)
    RCC_GetClocksFreq                        0x08001a15   Thumb Code   192  stm32f10x_rcc.o(i.RCC_GetClocksFreq)
    SVC_Handler                              0x08001ae9   Thumb Code     2  stm32f10x_it.o(i.SVC_Handler)
    Self_Left1                               0x08001aeb   Thumb Code    18  car.o(i.Self_Left1)
    Self_Left2                               0x08001afd   Thumb Code    18  car.o(i.Self_Left2)
    Self_Right1                              0x08001b0f   Thumb Code    18  car.o(i.Self_Right1)
    Self_Right2                              0x08001b21   Thumb Code    18  car.o(i.Self_Right2)
    Serial_Init                              0x08001b35   Thumb Code   174  serial.o(i.Serial_Init)
    Serial_SendByte                          0x08001bed   Thumb Code    28  serial.o(i.Serial_SendByte)
    SysTick_Handler                          0x08001cf5   Thumb Code     2  stm32f10x_it.o(i.SysTick_Handler)
    SystemInit                               0x08001cf9   Thumb Code    78  system_stm32f10x.o(i.SystemInit)
    TIM1_UP_IRQHandler                       0x08001d59   Thumb Code   166  main.o(i.TIM1_UP_IRQHandler)
    TIM_ClearFlag                            0x08001e29   Thumb Code     6  stm32f10x_tim.o(i.TIM_ClearFlag)
    TIM_ClearITPendingBit                    0x08001e2f   Thumb Code     6  stm32f10x_tim.o(i.TIM_ClearITPendingBit)
    TIM_Cmd                                  0x08001e35   Thumb Code    24  stm32f10x_tim.o(i.TIM_Cmd)
    TIM_GetITStatus                          0x08001e4d   Thumb Code    34  stm32f10x_tim.o(i.TIM_GetITStatus)
    TIM_ITConfig                             0x08001e6f   Thumb Code    18  stm32f10x_tim.o(i.TIM_ITConfig)
    TIM_InternalClockConfig                  0x08001e81   Thumb Code    12  stm32f10x_tim.o(i.TIM_InternalClockConfig)
    TIM_OC2Init                              0x08001e8d   Thumb Code   154  stm32f10x_tim.o(i.TIM_OC2Init)
    TIM_OC3Init                              0x08001f31   Thumb Code   150  stm32f10x_tim.o(i.TIM_OC3Init)
    TIM_OCStructInit                         0x08001fd1   Thumb Code    20  stm32f10x_tim.o(i.TIM_OCStructInit)
    TIM_SetCompare2                          0x08001fe5   Thumb Code     4  stm32f10x_tim.o(i.TIM_SetCompare2)
    TIM_SetCompare3                          0x08001fe9   Thumb Code     4  stm32f10x_tim.o(i.TIM_SetCompare3)
    TIM_TimeBaseInit                         0x08001fed   Thumb Code   122  stm32f10x_tim.o(i.TIM_TimeBaseInit)
    Timer_Init                               0x08002091   Thumb Code   120  timer.o(i.Timer_Init)
    Turn_Left                                0x0800210d   Thumb Code    16  car.o(i.Turn_Left)
    Turn_Right                               0x0800211d   Thumb Code    16  car.o(i.Turn_Right)
    USART1_IRQHandler                        0x0800212d   Thumb Code   120  serial.o(i.USART1_IRQHandler)
    USART_ClearITPendingBit                  0x080021b9   Thumb Code    30  stm32f10x_usart.o(i.USART_ClearITPendingBit)
    USART_Cmd                                0x080021d7   Thumb Code    24  stm32f10x_usart.o(i.USART_Cmd)
    USART_GetFlagStatus                      0x080021ef   Thumb Code    26  stm32f10x_usart.o(i.USART_GetFlagStatus)
    USART_GetITStatus                        0x08002209   Thumb Code    84  stm32f10x_usart.o(i.USART_GetITStatus)
    USART_ITConfig                           0x0800225d   Thumb Code    74  stm32f10x_usart.o(i.USART_ITConfig)
    USART_Init                               0x080022a9   Thumb Code   210  stm32f10x_usart.o(i.USART_Init)
    USART_ReceiveData                        0x08002381   Thumb Code    10  stm32f10x_usart.o(i.USART_ReceiveData)
    USART_SendData                           0x0800238b   Thumb Code     8  stm32f10x_usart.o(i.USART_SendData)
    UsageFault_Handler                       0x08002393   Thumb Code     4  stm32f10x_it.o(i.UsageFault_Handler)
    __0printf                                0x08002399   Thumb Code    22  printfa.o(i.__0printf)
    __1printf                                0x08002399   Thumb Code     0  printfa.o(i.__0printf)
    __2printf                                0x08002399   Thumb Code     0  printfa.o(i.__0printf)
    __c89printf                              0x08002399   Thumb Code     0  printfa.o(i.__0printf)
    printf                                   0x08002399   Thumb Code     0  printfa.o(i.__0printf)
    __0vsprintf                              0x080023b9   Thumb Code    30  printfa.o(i.__0vsprintf)
    __1vsprintf                              0x080023b9   Thumb Code     0  printfa.o(i.__0vsprintf)
    __2vsprintf                              0x080023b9   Thumb Code     0  printfa.o(i.__0vsprintf)
    __c89vsprintf                            0x080023b9   Thumb Code     0  printfa.o(i.__0vsprintf)
    vsprintf                                 0x080023b9   Thumb Code     0  printfa.o(i.__0vsprintf)
    __aeabi_errno_addr                       0x080023dd   Thumb Code     4  errno.o(i.__aeabi_errno_addr)
    __rt_errno_addr                          0x080023dd   Thumb Code     0  errno.o(i.__aeabi_errno_addr)
    __scatterload_copy                       0x080023e5   Thumb Code    14  handlers.o(i.__scatterload_copy)
    __scatterload_null                       0x080023f3   Thumb Code     2  handlers.o(i.__scatterload_null)
    __scatterload_zeroinit                   0x080023f5   Thumb Code    14  handlers.o(i.__scatterload_zeroinit)
    fputc                                    0x08002cc1   Thumb Code    16  serial.o(i.fputc)
    main                                     0x08002cd1   Thumb Code   888  main.o(i.main)
    OLED_F8x16                               0x080031a0   Data        1520  oled_data.o(.constdata)
    OLED_F6x8                                0x08003790   Data         570  oled_data.o(.constdata)
    OLED_CF16x16                             0x080039ca   Data         259  oled_data.o(.constdata)
    Diode                                    0x08003acd   Data          32  oled_data.o(.constdata)
    __ctype_table                            0x08003ba4   Data         129  ctype_o.o(.constdata)
    Region$$Table$$Base                      0x08003c2c   Number         0  anon$$obj.o(Region$$Table)
    Region$$Table$$Limit                     0x08003c4c   Number         0  anon$$obj.o(Region$$Table)
    Key_Num                                  0x20000014   Data           1  key.o(.data)
    Serial_RxFlag                            0x20000018   Data           1  serial.o(.data)
    H_KeyNum                                 0x2000001c   Data           1  main.o(.data)
    Key_Event                                0x2000001d   Data           3  main.o(.data)
    g_joystick_LH                            0x20000020   Data           1  main.o(.data)
    g_joystick_LV                            0x20000021   Data           1  main.o(.data)
    g_joystick_RH                            0x20000022   Data           1  main.o(.data)
    g_joystick_RV                            0x20000023   Data           1  main.o(.data)
    g_joystick_data_ready                    0x20000024   Data           1  main.o(.data)
    Pre_sensorData                           0x20000025   Data           4  main.o(.data)
    Cur_sensorData                           0x20000029   Data           4  main.o(.data)
    Out_sensorData                           0x2000002d   Data           4  main.o(.data)
    Confirm_sensorData_Flag                  0x20000031   Data           1  main.o(.data)
    Pre_Flag                                 0x20000032   Data           1  main.o(.data)
    Cur_Flag                                 0x20000033   Data           1  main.o(.data)
    CrossRoad_Delay_TimeTicks                0x20000034   Data           2  main.o(.data)
    SingleLine_Delay_TimeTicks               0x20000036   Data           2  main.o(.data)
    SingleLine_CoolDown_TimeTicks            0x20000038   Data           2  main.o(.data)
    SingleLine_Confirm_Flag                  0x2000003a   Data           1  main.o(.data)
    Tracking_Mode_ENABLE                     0x2000003b   Data           1  main.o(.data)
    X1                                       0x2000003c   Data           1  main.o(.data)
    X2                                       0x2000003d   Data           1  main.o(.data)
    X3                                       0x2000003e   Data           1  main.o(.data)
    X4                                       0x2000003f   Data           1  main.o(.data)
    TIM1_TimeTicks                           0x20000040   Data           2  main.o(.data)
    __stdout                                 0x20000048   Data           4  stdout.o(.data)
    Serial_RxPacket                          0x20000050   Data         100  serial.o(.bss)
    OLED_DisplayBuf                          0x200000b4   Data        1024  oled.o(.bss)
    __initial_sp                             0x200008b8   Data           0  startup_stm32f10x_md.o(STACK)



==============================================================================

Memory Map of the image

  Image Entry point : 0x080000ed

  Load Region LR_IROM1 (Base: 0x08000000, Size: 0x00003c9c, Max: 0x00010000, ABSOLUTE)

    Execution Region ER_IROM1 (Exec base: 0x08000000, Load base: 0x08000000, Size: 0x00003c4c, Max: 0x00010000, ABSOLUTE)

    Exec Addr    Load Addr    Size         Type   Attr      Idx    E Section Name        Object

    0x08000000   0x08000000   0x000000ec   Data   RO          132    RESET               startup_stm32f10x_md.o
    0x080000ec   0x080000ec   0x00000000   Code   RO         3929  * .ARM.Collect$$$$00000000  mc_w.l(entry.o)
    0x080000ec   0x080000ec   0x00000004   Code   RO         4266    .ARM.Collect$$$$00000001  mc_w.l(entry2.o)
    0x080000f0   0x080000f0   0x00000004   Code   RO         4269    .ARM.Collect$$$$00000004  mc_w.l(entry5.o)
    0x080000f4   0x080000f4   0x00000000   Code   RO         4271    .ARM.Collect$$$$00000008  mc_w.l(entry7b.o)
    0x080000f4   0x080000f4   0x00000000   Code   RO         4273    .ARM.Collect$$$$0000000A  mc_w.l(entry8b.o)
    0x080000f4   0x080000f4   0x00000008   Code   RO         4274    .ARM.Collect$$$$0000000B  mc_w.l(entry9a.o)
    0x080000fc   0x080000fc   0x00000000   Code   RO         4276    .ARM.Collect$$$$0000000D  mc_w.l(entry10a.o)
    0x080000fc   0x080000fc   0x00000000   Code   RO         4278    .ARM.Collect$$$$0000000F  mc_w.l(entry11a.o)
    0x080000fc   0x080000fc   0x00000004   Code   RO         4267    .ARM.Collect$$$$00002712  mc_w.l(entry2.o)
    0x08000100   0x08000100   0x00000024   Code   RO          133    .text               startup_stm32f10x_md.o
    0x08000124   0x08000124   0x00000024   Code   RO         3932    .text               mc_w.l(memcpya.o)
    0x08000148   0x08000148   0x0000001c   Code   RO         3934    .text               mc_w.l(strcmp.o)
    0x08000164   0x08000164   0x0000001a   Code   RO         3936    .text               mc_w.l(memcmp.o)
    0x0800017e   0x0800017e   0x00000002   PAD
    0x08000180   0x08000180   0x00000044   Code   RO         3938    .text               mc_w.l(strtok.o)
    0x080001c4   0x080001c4   0x0000001a   Code   RO         4207    .text               mc_w.l(atoi.o)
    0x080001de   0x080001de   0x00000064   Code   RO         4211    .text               mf_w.l(fmul.o)
    0x08000242   0x08000242   0x0000007c   Code   RO         4213    .text               mf_w.l(fdiv.o)
    0x080002be   0x080002be   0x0000014e   Code   RO         4215    .text               mf_w.l(dadd.o)
    0x0800040c   0x0800040c   0x000000e4   Code   RO         4217    .text               mf_w.l(dmul.o)
    0x080004f0   0x080004f0   0x000000de   Code   RO         4219    .text               mf_w.l(ddiv.o)
    0x080005ce   0x080005ce   0x00000012   Code   RO         4221    .text               mf_w.l(fflti.o)
    0x080005e0   0x080005e0   0x00000022   Code   RO         4223    .text               mf_w.l(dflti.o)
    0x08000602   0x08000602   0x00000032   Code   RO         4227    .text               mf_w.l(ffixi.o)
    0x08000634   0x08000634   0x0000003e   Code   RO         4229    .text               mf_w.l(dfixi.o)
    0x08000672   0x08000672   0x00000002   PAD
    0x08000674   0x08000674   0x00000030   Code   RO         4235    .text               mf_w.l(cdrcmple.o)
    0x080006a4   0x080006a4   0x0000002c   Code   RO         4281    .text               mc_w.l(uidiv.o)
    0x080006d0   0x080006d0   0x00000062   Code   RO         4283    .text               mc_w.l(uldiv.o)
    0x08000732   0x08000732   0x0000001e   Code   RO         4285    .text               mc_w.l(llshl.o)
    0x08000750   0x08000750   0x00000020   Code   RO         4287    .text               mc_w.l(llushr.o)
    0x08000770   0x08000770   0x00000024   Code   RO         4289    .text               mc_w.l(llsshr.o)
    0x08000794   0x08000794   0x00000070   Code   RO         4298    .text               mc_w.l(strtol.o)
    0x08000804   0x08000804   0x00000000   Code   RO         4300    .text               mc_w.l(iusefp.o)
    0x08000804   0x08000804   0x0000006e   Code   RO         4301    .text               mf_w.l(fepilogue.o)
    0x08000872   0x08000872   0x000000ba   Code   RO         4303    .text               mf_w.l(depilogue.o)
    0x0800092c   0x0800092c   0x00000030   Code   RO         4307    .text               mf_w.l(dfixul.o)
    0x0800095c   0x0800095c   0x00000024   Code   RO         4313    .text               mc_w.l(init.o)
    0x08000980   0x08000980   0x00000008   Code   RO         4315    .text               mc_w.l(ctype_o.o)
    0x08000988   0x08000988   0x0000009e   Code   RO         4343    .text               mc_w.l(_strtoul.o)
    0x08000a26   0x08000a26   0x0000001c   Code   RO         4347    .text               mc_w.l(_chval.o)
    0x08000a42   0x08000a42   0x00000004   Code   RO         3856    i.BusFault_Handler  stm32f10x_it.o
    0x08000a46   0x08000a46   0x00000010   Code   RO         3717    i.Car_Stop          car.o
    0x08000a56   0x08000a56   0x00000002   Code   RO         3857    i.DebugMon_Handler  stm32f10x_it.o
    0x08000a58   0x08000a58   0x00000116   Code   RO         1347    i.GPIO_Init         stm32f10x_gpio.o
    0x08000b6e   0x08000b6e   0x00000012   Code   RO         1351    i.GPIO_ReadInputDataBit  stm32f10x_gpio.o
    0x08000b80   0x08000b80   0x00000004   Code   RO         1354    i.GPIO_ResetBits    stm32f10x_gpio.o
    0x08000b84   0x08000b84   0x00000004   Code   RO         1355    i.GPIO_SetBits      stm32f10x_gpio.o
    0x08000b88   0x08000b88   0x0000000a   Code   RO         1358    i.GPIO_WriteBit     stm32f10x_gpio.o
    0x08000b92   0x08000b92   0x00000010   Code   RO         3718    i.Go_Ahead          car.o
    0x08000ba2   0x08000ba2   0x00000002   PAD
    0x08000ba4   0x08000ba4   0x000000c0   Code   RO         3783    i.Handle_Manual_Control  main.o
    0x08000c64   0x08000c64   0x000002ec   Code   RO         3784    i.Handle_Tracking_Control  main.o
    0x08000f50   0x08000f50   0x00000004   Code   RO         3858    i.HardFault_Handler  stm32f10x_it.o
    0x08000f54   0x08000f54   0x0000001c   Code   RO         3280    i.Key_GetNum        key.o
    0x08000f70   0x08000f70   0x00000038   Code   RO         3281    i.Key_GetState      key.o
    0x08000fa8   0x08000fa8   0x0000002c   Code   RO         3282    i.Key_Init          key.o
    0x08000fd4   0x08000fd4   0x00000050   Code   RO         3283    i.Key_Tick          key.o
    0x08001024   0x08001024   0x00000034   Code   RO         3238    i.LED_Init          led.o
    0x08001058   0x08001058   0x00000054   Code   RO         3693    i.LineSensor_Init   linesensor.o
    0x080010ac   0x080010ac   0x00000038   Code   RO         3694    i.LineSensor_Read   linesensor.o
    0x080010e4   0x080010e4   0x00000004   Code   RO         3859    i.MemManage_Handler  stm32f10x_it.o
    0x080010e8   0x080010e8   0x00000030   Code   RO         3387    i.Motor_Init        motor.o
    0x08001118   0x08001118   0x00000098   Code   RO         3388    i.Motor_SetPWM1     motor.o
    0x080011b0   0x080011b0   0x0000009c   Code   RO         3389    i.Motor_SetPWM2     motor.o
    0x0800124c   0x0800124c   0x00000002   Code   RO         3860    i.NMI_Handler       stm32f10x_it.o
    0x0800124e   0x0800124e   0x00000002   PAD
    0x08001250   0x08001250   0x00000070   Code   RO          137    i.NVIC_Init         misc.o
    0x080012c0   0x080012c0   0x00000014   Code   RO          138    i.NVIC_PriorityGroupConfig  misc.o
    0x080012d4   0x080012d4   0x00000028   Code   RO         3438    i.OLED_Clear        oled.o
    0x080012fc   0x080012fc   0x00000090   Code   RO         3439    i.OLED_ClearArea    oled.o
    0x0800138c   0x0800138c   0x00000060   Code   RO         3447    i.OLED_GPIO_Init    oled.o
    0x080013ec   0x080013ec   0x0000003e   Code   RO         3449    i.OLED_I2C_SendByte  oled.o
    0x0800142a   0x0800142a   0x0000001c   Code   RO         3450    i.OLED_I2C_Start    oled.o
    0x08001446   0x08001446   0x00000016   Code   RO         3451    i.OLED_I2C_Stop     oled.o
    0x0800145c   0x0800145c   0x0000009a   Code   RO         3452    i.OLED_Init         oled.o
    0x080014f6   0x080014f6   0x00000032   Code   RO         3455    i.OLED_Printf       oled.o
    0x08001528   0x08001528   0x00000022   Code   RO         3458    i.OLED_SetCursor    oled.o
    0x0800154a   0x0800154a   0x00000002   PAD
    0x0800154c   0x0800154c   0x00000054   Code   RO         3460    i.OLED_ShowChar     oled.o
    0x080015a0   0x080015a0   0x000000fc   Code   RO         3463    i.OLED_ShowImage    oled.o
    0x0800169c   0x0800169c   0x000001c4   Code   RO         3466    i.OLED_ShowString   oled.o
    0x08001860   0x08001860   0x00000028   Code   RO         3467    i.OLED_Update       oled.o
    0x08001888   0x08001888   0x00000018   Code   RO         3469    i.OLED_W_SCL        oled.o
    0x080018a0   0x080018a0   0x00000018   Code   RO         3470    i.OLED_W_SDA        oled.o
    0x080018b8   0x080018b8   0x00000020   Code   RO         3471    i.OLED_WriteCommand  oled.o
    0x080018d8   0x080018d8   0x0000002e   Code   RO         3472    i.OLED_WriteData    oled.o
    0x08001906   0x08001906   0x00000002   PAD
    0x08001908   0x08001908   0x000000a8   Code   RO         3414    i.PWM_Init          pwm.o
    0x080019b0   0x080019b0   0x00000010   Code   RO         3415    i.PWM_SetCompare2   pwm.o
    0x080019c0   0x080019c0   0x00000010   Code   RO         3416    i.PWM_SetCompare3   pwm.o
    0x080019d0   0x080019d0   0x00000002   Code   RO         3861    i.PendSV_Handler    stm32f10x_it.o
    0x080019d2   0x080019d2   0x00000002   PAD
    0x080019d4   0x080019d4   0x00000020   Code   RO         1775    i.RCC_APB1PeriphClockCmd  stm32f10x_rcc.o
    0x080019f4   0x080019f4   0x00000020   Code   RO         1777    i.RCC_APB2PeriphClockCmd  stm32f10x_rcc.o
    0x08001a14   0x08001a14   0x000000d4   Code   RO         1785    i.RCC_GetClocksFreq  stm32f10x_rcc.o
    0x08001ae8   0x08001ae8   0x00000002   Code   RO         3862    i.SVC_Handler       stm32f10x_it.o
    0x08001aea   0x08001aea   0x00000012   Code   RO         3720    i.Self_Left1        car.o
    0x08001afc   0x08001afc   0x00000012   Code   RO         3721    i.Self_Left2        car.o
    0x08001b0e   0x08001b0e   0x00000012   Code   RO         3722    i.Self_Right1       car.o
    0x08001b20   0x08001b20   0x00000012   Code   RO         3723    i.Self_Right2       car.o
    0x08001b32   0x08001b32   0x00000002   PAD
    0x08001b34   0x08001b34   0x000000b8   Code   RO         3316    i.Serial_Init       serial.o
    0x08001bec   0x08001bec   0x00000020   Code   RO         3320    i.Serial_SendByte   serial.o
    0x08001c0c   0x08001c0c   0x00000008   Code   RO           17    i.SetSysClock       system_stm32f10x.o
    0x08001c14   0x08001c14   0x000000e0   Code   RO           18    i.SetSysClockTo72   system_stm32f10x.o
    0x08001cf4   0x08001cf4   0x00000002   Code   RO         3863    i.SysTick_Handler   stm32f10x_it.o
    0x08001cf6   0x08001cf6   0x00000002   PAD
    0x08001cf8   0x08001cf8   0x00000060   Code   RO           20    i.SystemInit        system_stm32f10x.o
    0x08001d58   0x08001d58   0x000000d0   Code   RO         3785    i.TIM1_UP_IRQHandler  main.o
    0x08001e28   0x08001e28   0x00000006   Code   RO         2415    i.TIM_ClearFlag     stm32f10x_tim.o
    0x08001e2e   0x08001e2e   0x00000006   Code   RO         2416    i.TIM_ClearITPendingBit  stm32f10x_tim.o
    0x08001e34   0x08001e34   0x00000018   Code   RO         2421    i.TIM_Cmd           stm32f10x_tim.o
    0x08001e4c   0x08001e4c   0x00000022   Code   RO         2442    i.TIM_GetITStatus   stm32f10x_tim.o
    0x08001e6e   0x08001e6e   0x00000012   Code   RO         2446    i.TIM_ITConfig      stm32f10x_tim.o
    0x08001e80   0x08001e80   0x0000000c   Code   RO         2448    i.TIM_InternalClockConfig  stm32f10x_tim.o
    0x08001e8c   0x08001e8c   0x000000a4   Code   RO         2455    i.TIM_OC2Init       stm32f10x_tim.o
    0x08001f30   0x08001f30   0x000000a0   Code   RO         2460    i.TIM_OC3Init       stm32f10x_tim.o
    0x08001fd0   0x08001fd0   0x00000014   Code   RO         2468    i.TIM_OCStructInit  stm32f10x_tim.o
    0x08001fe4   0x08001fe4   0x00000004   Code   RO         2483    i.TIM_SetCompare2   stm32f10x_tim.o
    0x08001fe8   0x08001fe8   0x00000004   Code   RO         2484    i.TIM_SetCompare3   stm32f10x_tim.o
    0x08001fec   0x08001fec   0x000000a4   Code   RO         2492    i.TIM_TimeBaseInit  stm32f10x_tim.o
    0x08002090   0x08002090   0x0000007c   Code   RO         3220    i.Timer_Init        timer.o
    0x0800210c   0x0800210c   0x00000010   Code   RO         3724    i.Turn_Left         car.o
    0x0800211c   0x0800211c   0x00000010   Code   RO         3725    i.Turn_Right        car.o
    0x0800212c   0x0800212c   0x0000008c   Code   RO         3323    i.USART1_IRQHandler  serial.o
    0x080021b8   0x080021b8   0x0000001e   Code   RO         2957    i.USART_ClearITPendingBit  stm32f10x_usart.o
    0x080021d6   0x080021d6   0x00000018   Code   RO         2960    i.USART_Cmd         stm32f10x_usart.o
    0x080021ee   0x080021ee   0x0000001a   Code   RO         2963    i.USART_GetFlagStatus  stm32f10x_usart.o
    0x08002208   0x08002208   0x00000054   Code   RO         2964    i.USART_GetITStatus  stm32f10x_usart.o
    0x0800225c   0x0800225c   0x0000004a   Code   RO         2966    i.USART_ITConfig    stm32f10x_usart.o
    0x080022a6   0x080022a6   0x00000002   PAD
    0x080022a8   0x080022a8   0x000000d8   Code   RO         2967    i.USART_Init        stm32f10x_usart.o
    0x08002380   0x08002380   0x0000000a   Code   RO         2974    i.USART_ReceiveData  stm32f10x_usart.o
    0x0800238a   0x0800238a   0x00000008   Code   RO         2977    i.USART_SendData    stm32f10x_usart.o
    0x08002392   0x08002392   0x00000004   Code   RO         3864    i.UsageFault_Handler  stm32f10x_it.o
    0x08002396   0x08002396   0x00000002   PAD
    0x08002398   0x08002398   0x00000020   Code   RO         4179    i.__0printf         mc_w.l(printfa.o)
    0x080023b8   0x080023b8   0x00000024   Code   RO         4185    i.__0vsprintf       mc_w.l(printfa.o)
    0x080023dc   0x080023dc   0x00000008   Code   RO         4291    i.__aeabi_errno_addr  mc_w.l(errno.o)
    0x080023e4   0x080023e4   0x0000000e   Code   RO         4351    i.__scatterload_copy  mc_w.l(handlers.o)
    0x080023f2   0x080023f2   0x00000002   Code   RO         4352    i.__scatterload_null  mc_w.l(handlers.o)
    0x080023f4   0x080023f4   0x0000000e   Code   RO         4353    i.__scatterload_zeroinit  mc_w.l(handlers.o)
    0x08002402   0x08002402   0x00000002   PAD
    0x08002404   0x08002404   0x00000184   Code   RO         4186    i._fp_digits        mc_w.l(printfa.o)
    0x08002588   0x08002588   0x000006dc   Code   RO         4187    i._printf_core      mc_w.l(printfa.o)
    0x08002c64   0x08002c64   0x00000024   Code   RO         4188    i._printf_post_padding  mc_w.l(printfa.o)
    0x08002c88   0x08002c88   0x0000002e   Code   RO         4189    i._printf_pre_padding  mc_w.l(printfa.o)
    0x08002cb6   0x08002cb6   0x0000000a   Code   RO         4191    i._sputc            mc_w.l(printfa.o)
    0x08002cc0   0x08002cc0   0x00000010   Code   RO         3324    i.fputc             serial.o
    0x08002cd0   0x08002cd0   0x000004d0   Code   RO         3786    i.main              main.o
    0x080031a0   0x080031a0   0x0000094d   Data   RO         3681    .constdata          oled_data.o
    0x08003aed   0x08003aed   0x00000003   PAD
    0x08003af0   0x08003af0   0x000000b4   Data   RO         3787    .constdata          main.o
    0x08003ba4   0x08003ba4   0x00000081   Data   RO         4316    .constdata          mc_w.l(ctype_o.o)
    0x08003c25   0x08003c25   0x00000003   PAD
    0x08003c28   0x08003c28   0x00000004   Data   RO         4317    .constdata          mc_w.l(ctype_o.o)
    0x08003c2c   0x08003c2c   0x00000020   Data   RO         4349    Region$$Table       anon$$obj.o


    Execution Region RW_IRAM1 (Exec base: 0x20000000, Load base: 0x08003c4c, Size: 0x000008b8, Max: 0x00005000, ABSOLUTE)

    Exec Addr    Load Addr    Size         Type   Attr      Idx    E Section Name        Object

    0x20000000   0x08003c4c   0x00000014   Data   RW         1805    .data               stm32f10x_rcc.o
    0x20000014   0x08003c60   0x00000004   Data   RW         3284    .data               key.o
    0x20000018   0x08003c64   0x00000003   Data   RW         3326    .data               serial.o
    0x2000001b   0x08003c67   0x00000001   PAD
    0x2000001c   0x08003c68   0x00000026   Data   RW         3788    .data               main.o
    0x20000042   0x08003c8e   0x00000002   PAD
    0x20000044   0x08003c90   0x00000004   Data   RW         3939    .data               mc_w.l(strtok.o)
    0x20000048   0x08003c94   0x00000004   Data   RW         4280    .data               mc_w.l(stdout.o)
    0x2000004c   0x08003c98   0x00000004   Data   RW         4294    .data               mc_w.l(errno.o)
    0x20000050        -       0x00000064   Zero   RW         3325    .bss                serial.o
    0x200000b4        -       0x00000400   Zero   RW         3474    .bss                oled.o
    0x200004b4   0x08003c9c   0x00000004   PAD
    0x200004b8        -       0x00000400   Zero   RW          130    STACK               startup_stm32f10x_md.o


==============================================================================

Image component sizes


      Code (inc. data)   RO Data    RW Data    ZI Data      Debug   Object Name

       136          0          0          0          0       3205   car.o
         0          0          0          0          0       4540   core_cm3.o
       208         30          0          4          0       2336   key.o
        52          6          0          0          0        439   led.o
       140          8          0          0          0       1292   linesensor.o
      2380        460        180         38          0       5135   main.o
       132         22          0          0          0     204627   misc.o
       356         26          0          0          0       1533   motor.o
      1584         52          0          0       1024      10181   oled.o
         0          0       2381          0          0       1010   oled_data.o
       200          6          0          0          0       1523   pwm.o
       372         34          0          3        100       4568   serial.o
        36          8        236          0       1024        760   startup_stm32f10x_md.o
         0          0          0          0          0       1632   stm32f10x_adc.o
       314          0          0          0          0      12160   stm32f10x_gpio.o
        26          0          0          0          0       3514   stm32f10x_it.o
       276         32          0         20          0      12826   stm32f10x_rcc.o
       616         62          0          0          0      27111   stm32f10x_tim.o
       472          6          0          0          0      12227   stm32f10x_usart.o
       328         28          0          0          0      45013   system_stm32f10x.o
       124          4          0          0          0        521   timer.o

    ----------------------------------------------------------------------
      7770        784       2832         68       2152     356153   Object Totals
         0          0         32          0          0          0   (incl. Generated)
        18          0          3          3          4          0   (incl. Padding)

    ----------------------------------------------------------------------

      Code (inc. data)   RO Data    RW Data    ZI Data      Debug   Library Member Name

        28          0          0          0          0         68   _chval.o
       158          0          0          0          0         92   _strtoul.o
        26          0          0          0          0         80   atoi.o
         8          4        133          0          0         68   ctype_o.o
         0          0          0          0          0          0   entry.o
         0          0          0          0          0          0   entry10a.o
         0          0          0          0          0          0   entry11a.o
         8          4          0          0          0          0   entry2.o
         4          0          0          0          0          0   entry5.o
         0          0          0          0          0          0   entry7b.o
         0          0          0          0          0          0   entry8b.o
         8          4          0          0          0          0   entry9a.o
         8          4          0          4          0         68   errno.o
        30          0          0          0          0          0   handlers.o
        36          8          0          0          0         68   init.o
         0          0          0          0          0          0   iusefp.o
        30          0          0          0          0         68   llshl.o
        36          0          0          0          0         68   llsshr.o
        32          0          0          0          0         68   llushr.o
        26          0          0          0          0         80   memcmp.o
        36          0          0          0          0         68   memcpya.o
      2304         96          0          0          0        600   printfa.o
         0          0          0          4          0          0   stdout.o
        28          0          0          0          0         76   strcmp.o
        68          6          0          4          0         80   strtok.o
       112          0          0          0          0         88   strtol.o
        44          0          0          0          0         80   uidiv.o
        98          0          0          0          0         92   uldiv.o
        48          0          0          0          0         68   cdrcmple.o
       334          0          0          0          0        148   dadd.o
       222          0          0          0          0        100   ddiv.o
       186          0          0          0          0        176   depilogue.o
        62          0          0          0          0         80   dfixi.o
        48          0          0          0          0         68   dfixul.o
        34          0          0          0          0         76   dflti.o
       228          0          0          0          0         96   dmul.o
       124          0          0          0          0         88   fdiv.o
       110          0          0          0          0        168   fepilogue.o
        50          0          0          0          0         68   ffixi.o
        18          0          0          0          0         68   fflti.o
       100          0          0          0          0         76   fmul.o

    ----------------------------------------------------------------------
      4698        126        136         12          0       3092   Library Totals
         6          0          3          0          0          0   (incl. Padding)

    ----------------------------------------------------------------------

      Code (inc. data)   RO Data    RW Data    ZI Data      Debug   Library Name

      3128        126        133         12          0       1812   mc_w.l
      1564          0          0          0          0       1280   mf_w.l

    ----------------------------------------------------------------------
      4698        126        136         12          0       3092   Library Totals

    ----------------------------------------------------------------------

==============================================================================


      Code (inc. data)   RO Data    RW Data    ZI Data      Debug   

     12468        910       2968         80       2152     353261   Grand Totals
     12468        910       2968         80       2152     353261   ELF Image Totals
     12468        910       2968         80          0          0   ROM Totals

==============================================================================

    Total RO  Size (Code + RO Data)                15436 (  15.07kB)
    Total RW  Size (RW Data + ZI Data)              2232 (   2.18kB)
    Total ROM Size (Code + RO Data + RW Data)      15516 (  15.15kB)

==============================================================================

